Archive member included to satisfy reference by file (symbol)

d:/gcc-arm-none-eabi-10-2020-q4-major-win32/gcc-arm-none-eabi-10-2020-q4-major/bin/../lib/gcc/arm-none-eabi/10.2.1/thumb/v7-m/nofp\libgcc.a(_arm_muldf3.o)
                              CMakeFiles/GDUT_Robot.elf.dir/Bsp/move_control.c.obj (__aeabi_dmul)
d:/gcc-arm-none-eabi-10-2020-q4-major-win32/gcc-arm-none-eabi-10-2020-q4-major/bin/../lib/gcc/arm-none-eabi/10.2.1/thumb/v7-m/nofp\libgcc.a(_arm_mulsf3.o)
                              CMakeFiles/GDUT_Robot.elf.dir/Bsp/LineFollower.c.obj (__aeabi_fmul)
d:/gcc-arm-none-eabi-10-2020-q4-major-win32/gcc-arm-none-eabi-10-2020-q4-major/bin/../lib/gcc/arm-none-eabi/10.2.1/thumb/v7-m/nofp\libgcc.a(_arm_addsubdf3.o)
                              CMakeFiles/GDUT_Robot.elf.dir/Bsp/move_control.c.obj (__aeabi_dsub)
d:/gcc-arm-none-eabi-10-2020-q4-major-win32/gcc-arm-none-eabi-10-2020-q4-major/bin/../lib/gcc/arm-none-eabi/10.2.1/thumb/v7-m/nofp\libgcc.a(_arm_cmpdf2.o)
                              CMakeFiles/GDUT_Robot.elf.dir/Bsp/move_control.c.obj (__aeabi_dcmplt)
d:/gcc-arm-none-eabi-10-2020-q4-major-win32/gcc-arm-none-eabi-10-2020-q4-major/bin/../lib/gcc/arm-none-eabi/10.2.1/thumb/v7-m/nofp\libgcc.a(_arm_fixdfsi.o)
                              CMakeFiles/GDUT_Robot.elf.dir/Bsp/move_control.c.obj (__aeabi_d2iz)
d:/gcc-arm-none-eabi-10-2020-q4-major-win32/gcc-arm-none-eabi-10-2020-q4-major/bin/../lib/gcc/arm-none-eabi/10.2.1/thumb/v7-m/nofp\libgcc.a(_arm_addsubsf3.o)
                              CMakeFiles/GDUT_Robot.elf.dir/Bsp/LineFollower.c.obj (__aeabi_fsub)
d:/gcc-arm-none-eabi-10-2020-q4-major-win32/gcc-arm-none-eabi-10-2020-q4-major/bin/../lib/gcc/arm-none-eabi/10.2.1/thumb/v7-m/nofp\libgcc.a(_arm_muldivsf3.o)
                              CMakeFiles/GDUT_Robot.elf.dir/Bsp/LineFollower.c.obj (__aeabi_fdiv)
d:/gcc-arm-none-eabi-10-2020-q4-major-win32/gcc-arm-none-eabi-10-2020-q4-major/bin/../lib/gcc/arm-none-eabi/10.2.1/thumb/v7-m/nofp\libgcc.a(_arm_cmpsf2.o)
                              CMakeFiles/GDUT_Robot.elf.dir/tim/PID_struct.c.obj (__aeabi_fcmplt)
d:/gcc-arm-none-eabi-10-2020-q4-major-win32/gcc-arm-none-eabi-10-2020-q4-major/bin/../lib/gcc/arm-none-eabi/10.2.1/thumb/v7-m/nofp\libgcc.a(_arm_fixsfsi.o)
                              CMakeFiles/GDUT_Robot.elf.dir/Bsp/LineFollower.c.obj (__aeabi_f2iz)
d:/gcc-arm-none-eabi-10-2020-q4-major-win32/gcc-arm-none-eabi-10-2020-q4-major/bin/../lib/gcc/arm-none-eabi/10.2.1/../../../../arm-none-eabi/lib/thumb/v7-m/nofp\libg.a(lib_a-errno.o)
                              CMakeFiles/GDUT_Robot.elf.dir/Src/syscalls.c.obj (__errno)
d:/gcc-arm-none-eabi-10-2020-q4-major-win32/gcc-arm-none-eabi-10-2020-q4-major/bin/../lib/gcc/arm-none-eabi/10.2.1/../../../../arm-none-eabi/lib/thumb/v7-m/nofp\libg.a(lib_a-exit.o)
                              d:/gcc-arm-none-eabi-10-2020-q4-major-win32/gcc-arm-none-eabi-10-2020-q4-major/bin/../lib/gcc/arm-none-eabi/10.2.1/../../../../arm-none-eabi/lib/thumb/v7-m/nofp/crt0.o (exit)
d:/gcc-arm-none-eabi-10-2020-q4-major-win32/gcc-arm-none-eabi-10-2020-q4-major/bin/../lib/gcc/arm-none-eabi/10.2.1/../../../../arm-none-eabi/lib/thumb/v7-m/nofp\libg.a(lib_a-impure.o)
                              d:/gcc-arm-none-eabi-10-2020-q4-major-win32/gcc-arm-none-eabi-10-2020-q4-major/bin/../lib/gcc/arm-none-eabi/10.2.1/../../../../arm-none-eabi/lib/thumb/v7-m/nofp\libg.a(lib_a-exit.o) (_global_impure_ptr)
d:/gcc-arm-none-eabi-10-2020-q4-major-win32/gcc-arm-none-eabi-10-2020-q4-major/bin/../lib/gcc/arm-none-eabi/10.2.1/../../../../arm-none-eabi/lib/thumb/v7-m/nofp\libg.a(lib_a-init.o)
                              d:/gcc-arm-none-eabi-10-2020-q4-major-win32/gcc-arm-none-eabi-10-2020-q4-major/bin/../lib/gcc/arm-none-eabi/10.2.1/../../../../arm-none-eabi/lib/thumb/v7-m/nofp/crt0.o (__libc_init_array)
d:/gcc-arm-none-eabi-10-2020-q4-major-win32/gcc-arm-none-eabi-10-2020-q4-major/bin/../lib/gcc/arm-none-eabi/10.2.1/../../../../arm-none-eabi/lib/thumb/v7-m/nofp\libg.a(lib_a-memset.o)
                              d:/gcc-arm-none-eabi-10-2020-q4-major-win32/gcc-arm-none-eabi-10-2020-q4-major/bin/../lib/gcc/arm-none-eabi/10.2.1/../../../../arm-none-eabi/lib/thumb/v7-m/nofp/crt0.o (memset)
d:/gcc-arm-none-eabi-10-2020-q4-major-win32/gcc-arm-none-eabi-10-2020-q4-major/bin/../lib/gcc/arm-none-eabi/10.2.1/../../../../arm-none-eabi/lib/thumb/v7-m/nofp\libg.a(lib_a-setvbuf.o)
                              CMakeFiles/GDUT_Robot.elf.dir/mystdio/retarget.c.obj (setvbuf)
d:/gcc-arm-none-eabi-10-2020-q4-major-win32/gcc-arm-none-eabi-10-2020-q4-major/bin/../lib/gcc/arm-none-eabi/10.2.1/../../../../arm-none-eabi/lib/thumb/v7-m/nofp\libg.a(lib_a-__call_atexit.o)
                              d:/gcc-arm-none-eabi-10-2020-q4-major-win32/gcc-arm-none-eabi-10-2020-q4-major/bin/../lib/gcc/arm-none-eabi/10.2.1/../../../../arm-none-eabi/lib/thumb/v7-m/nofp\libg.a(lib_a-exit.o) (__call_exitprocs)
[...]
Memory Configuration

Name             Origin             Length             Attributes
RAM              0x20000000         0x0000c000         xrw
FLASH            0x08000000         0x00040000         xr
*default*        0x00000000         0xffffffff

Linker script and memory map

LOAD d:/gcc-arm-none-eabi-10-2020-q4-major-win32/gcc-arm-none-eabi-10-2020-q4-major/bin/../lib/gcc/arm-none-eabi/10.2.1/thumb/v7-m/nofp/crti.o
LOAD d:/gcc-arm-none-eabi-10-2020-q4-major-win32/gcc-arm-none-eabi-10-2020-q4-major/bin/../lib/gcc/arm-none-eabi/10.2.1/thumb/v7-m/nofp/crtbegin.o
LOAD d:/gcc-arm-none-eabi-10-2020-q4-major-win32/gcc-arm-none-eabi-10-2020-q4-major/bin/../lib/gcc/arm-none-eabi/10.2.1/../../../../arm-none-eabi/lib/thumb/v7-m/nofp/crt0.o
LOAD CMakeFiles/GDUT_Robot.elf.dir/Bsp/LineFollower.c.obj
LOAD CMakeFiles/GDUT_Robot.elf.dir/Bsp/TCS3200.c.obj
LOAD CMakeFiles/GDUT_Robot.elf.dir/Bsp/imu.c.obj
LOAD CMakeFiles/GDUT_Robot.elf.dir/Bsp/motor.c.obj
LOAD CMakeFiles/GDUT_Robot.elf.dir/Bsp/move_control.c.obj
LOAD CMakeFiles/GDUT_Robot.elf.dir/Drivers/STM32F1xx_HAL_Driver/Src/stm32f1xx_hal.c.obj
LOAD CMakeFiles/GDUT_Robot.elf.dir/Drivers/STM32F1xx_HAL_Driver/Src/stm32f1xx_hal_cortex.c.obj
LOAD CMakeFiles/GDUT_Robot.elf.dir/Drivers/STM32F1xx_HAL_Driver/Src/stm32f1xx_hal_dma.c.obj
LOAD CMakeFiles/GDUT_Robot.elf.dir/Drivers/STM32F1xx_HAL_Driver/Src/stm32f1xx_hal_exti.c.obj
LOAD CMakeFiles/GDUT_Robot.elf.dir/Drivers/STM32F1xx_HAL_Driver/Src/stm32f1xx_hal_flash.c.obj
LOAD CMakeFiles/GDUT_Robot.elf.dir/Drivers/STM32F1xx_HAL_Driver/Src/stm32f1xx_hal_flash_ex.c.obj
LOAD CMakeFiles/GDUT_Robot.elf.dir/Drivers/STM32F1xx_HAL_Driver/Src/stm32f1xx_hal_gpio.c.obj
LOAD CMakeFiles/GDUT_Robot.elf.dir/Drivers/STM32F1xx_HAL_Driver/Src/stm32f1xx_hal_gpio_ex.c.obj
LOAD CMakeFiles/GDUT_Robot.elf.dir/Drivers/STM32F1xx_HAL_Driver/Src/stm32f1xx_hal_i2c.c.obj
LOAD CMakeFiles/GDUT_Robot.elf.dir/Drivers/STM32F1xx_HAL_Driver/Src/stm32f1xx_hal_pwr.c.obj
LOAD CMakeFiles/GDUT_Robot.elf.dir/Drivers/STM32F1xx_HAL_Driver/Src/stm32f1xx_hal_rcc.c.obj
LOAD CMakeFiles/GDUT_Robot.elf.dir/Drivers/STM32F1xx_HAL_Driver/Src/stm32f1xx_hal_rcc_ex.c.obj
LOAD CMakeFiles/GDUT_Robot.elf.dir/Drivers/STM32F1xx_HAL_Driver/Src/stm32f1xx_hal_tim.c.obj
LOAD CMakeFiles/GDUT_Robot.elf.dir/Drivers/STM32F1xx_HAL_Driver/Src/stm32f1xx_hal_tim_ex.c.obj
LOAD CMakeFiles/GDUT_Robot.elf.dir/Drivers/STM32F1xx_HAL_Driver/Src/stm32f1xx_hal_uart.c.obj
LOAD CMakeFiles/GDUT_Robot.elf.dir/Drivers/STM32F1xx_HAL_Driver/Src/stm32f1xx_hal_usart.c.obj
LOAD CMakeFiles/GDUT_Robot.elf.dir/Src/main.c.obj
LOAD CMakeFiles/GDUT_Robot.elf.dir/Src/stm32f1xx_hal_msp.c.obj
LOAD CMakeFiles/GDUT_Robot.elf.dir/Src/stm32f1xx_it.c.obj
LOAD CMakeFiles/GDUT_Robot.elf.dir/Src/syscalls.c.obj
LOAD CMakeFiles/GDUT_Robot.elf.dir/Src/system_stm32f1xx.c.obj
LOAD CMakeFiles/GDUT_Robot.elf.dir/mystdio/retarget.c.obj
LOAD CMakeFiles/GDUT_Robot.elf.dir/startup/startup_stm32f103xe.s.obj
LOAD CMakeFiles/GDUT_Robot.elf.dir/tim/PID_struct.c.obj
LOAD CMakeFiles/GDUT_Robot.elf.dir/tim/tim_it.c.obj
START GROUP
LOAD d:/gcc-arm-none-eabi-10-2020-q4-major-win32/gcc-arm-none-eabi-10-2020-q4-major/bin/../lib/gcc/arm-none-eabi/10.2.1/thumb/v7-m/nofp\libgcc.a
LOAD d:/gcc-arm-none-eabi-10-2020-q4-major-win32/gcc-arm-none-eabi-10-2020-q4-major/bin/../lib/gcc/arm-none-eabi/10.2.1/../../../../arm-none-eabi/lib/thumb/v7-m/nofp\libg.a
LOAD d:/gcc-arm-none-eabi-10-2020-q4-major-win32/gcc-arm-none-eabi-10-2020-q4-major/bin/../lib/gcc/arm-none-eabi/10.2.1/../../../../arm-none-eabi/lib/thumb/v7-m/nofp\libc.a
END GROUP
LOAD d:/gcc-arm-none-eabi-10-2020-q4-major-win32/gcc-arm-none-eabi-10-2020-q4-major/bin/../lib/gcc/arm-none-eabi/10.2.1/thumb/v7-m/nofp/crtend.o
LOAD d:/gcc-arm-none-eabi-10-2020-q4-major-win32/gcc-arm-none-eabi-10-2020-q4-major/bin/../lib/gcc/arm-none-eabi/10.2.1/thumb/v7-m/nofp/crtn.o
                0x2000c000                _estack = 0x2000c000
                0x00000200                _Min_Heap_Size = 0x200
                0x00000400                _Min_Stack_Size = 0x400

.isr_vector     0x08000000      0x1e4
                0x08000000                . = ALIGN (0x4)
 *(.isr_vector)
 .isr_vector    0x08000000      0x1e4 CMakeFiles/GDUT_Robot.elf.dir/startup/startup_stm32f103xe.s.obj
                0x08000000                g_pfnVectors
                0x080001e4                . = ALIGN (0x4)

.text           0x080001e8     0x55fc
                0x080001e8                . = ALIGN (0x4)
 *(.text)
 .text          0x080001e8       0x40 d:/gcc-arm-none-eabi-10-2020-q4-major-win32/gcc-arm-none-eabi-10-2020-q4-major/bin/../lib/gcc/arm-none-eabi/10.2.1/thumb/v7-m/nofp/crtbegin.o
 .text          0x08000228      0x254 d:/gcc-arm-none-eabi-10-2020-q4-major-win32/gcc-arm-none-eabi-10-2020-q4-major/bin/../lib/gcc/arm-none-eabi/10.2.1/thumb/v7-m/nofp\libgcc.a(_arm_muldf3.o)
                0x08000228                __muldf3
                0x08000228                __aeabi_dmul
 .text          0x0800047c      0x378 d:/gcc-arm-none-eabi-10-2020-q4-major-win32/gcc-arm-none-eabi-10-2020-q4-major/bin/../lib/gcc/arm-none-eabi/10.2.1/thumb/v7-m/nofp\libgcc.a(_arm_addsubdf3.o)
                0x0800047c                __aeabi_drsub
                0x08000484                __aeabi_dsub
                0x08000484                __subdf3
                0x08000488                __aeabi_dadd
                0x08000488                __adddf3
                0x08000700                __floatunsidf
                0x08000700                __aeabi_ui2d
                0x08000720                __floatsidf
                0x08000720                __aeabi_i2d
                0x08000744                __aeabi_f2d
                0x08000744                __extendsfdf2
                0x08000788                __floatundidf
                0x08000788                __aeabi_ul2d
                0x08000798                __floatdidf
                0x08000798                __aeabi_l2d
 .text          0x080007f4      0x110 d:/gcc-arm-none-eabi-10-2020-q4-major-win32/gcc-arm-none-eabi-10-2020-q4-major/bin/../lib/gcc/arm-none-eabi/10.2.1/thumb/v7-m/nofp\libgcc.a(_arm_cmpdf2.o)
                0x080007f4                __gtdf2
                0x080007f4                __gedf2
                0x080007fc                __ltdf2
                0x080007fc                __ledf2
                0x08000804                __nedf2
                0x08000804                __eqdf2
                0x08000804                __cmpdf2
                0x08000880                __aeabi_cdrcmple
                0x08000890                __aeabi_cdcmpeq
                0x08000890                __aeabi_cdcmple
                0x080008a0                __aeabi_dcmpeq
                0x080008b4                __aeabi_dcmplt
                0x080008c8                __aeabi_dcmple
                0x080008dc                __aeabi_dcmpge
                0x080008f0                __aeabi_dcmpgt
 .text          0x08000904       0x50 d:/gcc-arm-none-eabi-10-2020-q4-major-win32/gcc-arm-none-eabi-10-2020-q4-major/bin/../lib/gcc/arm-none-eabi/10.2.1/thumb/v7-m/nofp\libgcc.a(_arm_fixdfsi.o)
                0x08000904                __aeabi_d2iz
                0x08000904                __fixdfsi
 .text          0x08000954      0x21c d:/gcc-arm-none-eabi-10-2020-q4-major-win32/gcc-arm-none-eabi-10-2020-q4-major/bin/../lib/gcc/arm-none-eabi/10.2.1/thumb/v7-m/nofp\libgcc.a(_arm_addsubsf3.o)
                0x08000954                __aeabi_frsub
                0x0800095c                __subsf3
                0x0800095c                __aeabi_fsub
                0x08000960                __aeabi_fadd
                0x08000960                __addsf3
                0x08000ac0                __aeabi_ui2f
                0x08000ac0                __floatunsisf
                0x08000ac8                __aeabi_i2f
                0x08000ac8                __floatsisf
                0x08000ae4                __aeabi_ul2f
                0x08000ae4                __floatundisf
                0x08000af4                __aeabi_l2f
                0x08000af4                __floatdisf
 .text          0x08000b70      0x2a0 d:/gcc-arm-none-eabi-10-2020-q4-major-win32/gcc-arm-none-eabi-10-2020-q4-major/bin/../lib/gcc/arm-none-eabi/10.2.1/thumb/v7-m/nofp\libgcc.a(_arm_muldivsf3.o)
                0x08000b70                __mulsf3
                0x08000b70                __aeabi_fmul
                0x08000cd8                __aeabi_fdiv
                0x08000cd8                __divsf3
 .text          0x08000e10       0xec d:/gcc-arm-none-eabi-10-2020-q4-major-win32/gcc-arm-none-eabi-10-2020-q4-major/bin/../lib/gcc/arm-none-eabi/10.2.1/thumb/v7-m/nofp\libgcc.a(_arm_cmpsf2.o)
                0x08000e10                __gesf2
                0x08000e10                __gtsf2
                0x08000e18                __lesf2
                0x08000e18                __ltsf2
                0x08000e20                __nesf2
                0x08000e20                __eqsf2
                0x08000e20                __cmpsf2
                0x08000e80                __aeabi_cfrcmple
                0x08000e88                __aeabi_cfcmpeq
                0x08000e88                __aeabi_cfcmple
                0x08000e98                __aeabi_fcmpeq
                0x08000eac                __aeabi_fcmplt
                0x08000ec0                __aeabi_fcmple
                0x08000ed4                __aeabi_fcmpge
                0x08000ee8                __aeabi_fcmpgt
 .text          0x08000efc       0x4c d:/gcc-arm-none-eabi-10-2020-q4-major-win32/gcc-arm-none-eabi-10-2020-q4-major/bin/../lib/gcc/arm-none-eabi/10.2.1/thumb/v7-m/nofp\libgcc.a(_arm_fixsfsi.o)
                0x08000efc                __aeabi_f2iz
                0x08000efc                __fixsfsi
 *(.text*)
 .text.calculate_verify
                0x08000f48       0x1c CMakeFiles/GDUT_Robot.elf.dir/Bsp/LineFollower.c.obj
 .text.LFB_decode
                0x08000f64       0x6e CMakeFiles/GDUT_Robot.elf.dir/Bsp/LineFollower.c.obj
                0x08000f64                LFB_decode
 *fill*         0x08000fd2        0x2 
 .text.UART4_IRQHandler
                0x08000fd4       0xa8 CMakeFiles/GDUT_Robot.elf.dir/Bsp/LineFollower.c.obj
                0x08000fd4                UART4_IRQHandler
 .text.USART3_IRQHandler
                0x0800107c       0x64 CMakeFiles/GDUT_Robot.elf.dir/Bsp/imu.c.obj
                0x0800107c                USART3_IRQHandler
 .text.PWM_Enable
                0x080010e0       0x50 CMakeFiles/GDUT_Robot.elf.dir/Bsp/motor.c.obj
                0x080010e0                PWM_Enable
 .text.read_num
                0x08001130        0x4 CMakeFiles/GDUT_Robot.elf.dir/Bsp/motor.c.obj
                0x08001130                read_num
 .text.get_num  0x08001134       0x3c CMakeFiles/GDUT_Robot.elf.dir/Bsp/motor.c.obj
                0x08001134                get_num
 .text.set_PWM  0x08001170       0x7c CMakeFiles/GDUT_Robot.elf.dir/Bsp/motor.c.obj
                0x08001170                set_PWM
 .text.Target_Speed
                0x080011ec       0x84 CMakeFiles/GDUT_Robot.elf.dir/Bsp/motor.c.obj
                0x080011ec                Target_Speed
 .text.mx_sin   0x08001270       0xe4 CMakeFiles/GDUT_Robot.elf.dir/Bsp/move_control.c.obj
                0x08001270                mx_sin
 *fill*         0x08001354        0x4 
 .text.my_sin   0x08001358       0x88 CMakeFiles/GDUT_Robot.elf.dir/Bsp/move_control.c.obj
                0x08001358                my_sin
 .text.my_cos   0x080013e0       0x98 CMakeFiles/GDUT_Robot.elf.dir/Bsp/move_control.c.obj
                0x080013e0                my_cos
 .text.speed_communication
                0x08001478      0x1e0 CMakeFiles/GDUT_Robot.elf.dir/Bsp/move_control.c.obj
                0x08001478                speed_communication
 .text.Speed_set
                0x08001658       0x18 CMakeFiles/GDUT_Robot.elf.dir/Bsp/move_control.c.obj
                0x08001658                Speed_set
 .text.HAL_InitTick
                0x08001670       0x4c CMakeFiles/GDUT_Robot.elf.dir/Drivers/STM32F1xx_HAL_Driver/Src/stm32f1xx_hal.c.obj
                0x08001670                HAL_InitTick
 .text.HAL_Init
                0x080016bc       0x24 CMakeFiles/GDUT_Robot.elf.dir/Drivers/STM32F1xx_HAL_Driver/Src/stm32f1xx_hal.c.obj
                0x080016bc                HAL_Init
 .text.HAL_IncTick
                0x080016e0       0x18 CMakeFiles/GDUT_Robot.elf.dir/Drivers/STM32F1xx_HAL_Driver/Src/stm32f1xx_hal.c.obj
                0x080016e0                HAL_IncTick
 .text.HAL_GetTick
                0x080016f8        0xc CMakeFiles/GDUT_Robot.elf.dir/Drivers/STM32F1xx_HAL_Driver/Src/stm32f1xx_hal.c.obj
                0x080016f8                HAL_GetTick
 .text.HAL_NVIC_SetPriorityGrouping
                0x08001704       0x24 CMakeFiles/GDUT_Robot.elf.dir/Drivers/STM32F1xx_HAL_Driver/Src/stm32f1xx_hal_cortex.c.obj
                0x08001704                HAL_NVIC_SetPriorityGrouping
 .text.HAL_NVIC_SetPriority
                0x08001728       0x70 CMakeFiles/GDUT_Robot.elf.dir/Drivers/STM32F1xx_HAL_Driver/Src/stm32f1xx_hal_cortex.c.obj
                0x08001728                HAL_NVIC_SetPriority
 .text.HAL_NVIC_EnableIRQ
                0x08001798       0x1c CMakeFiles/GDUT_Robot.elf.dir/Drivers/STM32F1xx_HAL_Driver/Src/stm32f1xx_hal_cortex.c.obj
                0x08001798                HAL_NVIC_EnableIRQ
 .text.HAL_SYSTICK_Config
                0x080017b4       0x28 CMakeFiles/GDUT_Robot.elf.dir/Drivers/STM32F1xx_HAL_Driver/Src/stm32f1xx_hal_cortex.c.obj
                0x080017b4                HAL_SYSTICK_Config
 .text.DMA_SetConfig
                0x080017dc       0x2c CMakeFiles/GDUT_Robot.elf.dir/Drivers/STM32F1xx_HAL_Driver/Src/stm32f1xx_hal_dma.c.obj
 .text.HAL_DMA_Init
                0x08001808       0x98 CMakeFiles/GDUT_Robot.elf.dir/Drivers/STM32F1xx_HAL_Driver/Src/stm32f1xx_hal_dma.c.obj
                0x08001808                HAL_DMA_Init
 .text.HAL_DMA_Start_IT
                0x080018a0       0x74 CMakeFiles/GDUT_Robot.elf.dir/Drivers/STM32F1xx_HAL_Driver/Src/stm32f1xx_hal_dma.c.obj
                0x080018a0                HAL_DMA_Start_IT
 .text.HAL_DMA_Abort
                0x08001914       0x44 CMakeFiles/GDUT_Robot.elf.dir/Drivers/STM32F1xx_HAL_Driver/Src/stm32f1xx_hal_dma.c.obj
                0x08001914                HAL_DMA_Abort
 .text.HAL_DMA_Abort_IT
                0x08001958      0x168 CMakeFiles/GDUT_Robot.elf.dir/Drivers/STM32F1xx_HAL_Driver/Src/stm32f1xx_hal_dma.c.obj
                0x08001958                HAL_DMA_Abort_IT
 .text.HAL_DMA_IRQHandler
                0x08001ac0      0x2ec CMakeFiles/GDUT_Robot.elf.dir/Drivers/STM32F1xx_HAL_Driver/Src/stm32f1xx_hal_dma.c.obj
                0x08001ac0                HAL_DMA_IRQHandler
 .text.HAL_GPIO_Init
                0x08001dac      0x240 CMakeFiles/GDUT_Robot.elf.dir/Drivers/STM32F1xx_HAL_Driver/Src/stm32f1xx_hal_gpio.c.obj
                0x08001dac                HAL_GPIO_Init
 .text.HAL_I2C_Init
                0x08001fec      0x1bc CMakeFiles/GDUT_Robot.elf.dir/Drivers/STM32F1xx_HAL_Driver/Src/stm32f1xx_hal_i2c.c.obj
                0x08001fec                HAL_I2C_Init
 .text.RCC_Delay
                0x080021a8       0x2c CMakeFiles/GDUT_Robot.elf.dir/Drivers/STM32F1xx_HAL_Driver/Src/stm32f1xx_hal_rcc.c.obj
 .text.HAL_RCC_OscConfig
                0x080021d4      0x410 CMakeFiles/GDUT_Robot.elf.dir/Drivers/STM32F1xx_HAL_Driver/Src/stm32f1xx_hal_rcc.c.obj
                0x080021d4                HAL_RCC_OscConfig
 .text.HAL_RCC_GetSysClockFreq
                0x080025e4       0x6c CMakeFiles/GDUT_Robot.elf.dir/Drivers/STM32F1xx_HAL_Driver/Src/stm32f1xx_hal_rcc.c.obj
                0x080025e4                HAL_RCC_GetSysClockFreq
 .text.HAL_RCC_ClockConfig
                0x08002650      0x16c CMakeFiles/GDUT_Robot.elf.dir/Drivers/STM32F1xx_HAL_Driver/Src/stm32f1xx_hal_rcc.c.obj
                0x08002650                HAL_RCC_ClockConfig
 .text.HAL_RCC_GetHCLKFreq
                0x080027bc        0xc CMakeFiles/GDUT_Robot.elf.dir/Drivers/STM32F1xx_HAL_Driver/Src/stm32f1xx_hal_rcc.c.obj
                0x080027bc                HAL_RCC_GetHCLKFreq
 .text.HAL_RCC_GetPCLK1Freq
                0x080027c8       0x20 CMakeFiles/GDUT_Robot.elf.dir/Drivers/STM32F1xx_HAL_Driver/Src/stm32f1xx_hal_rcc.c.obj
                0x080027c8                HAL_RCC_GetPCLK1Freq
 .text.HAL_RCC_GetPCLK2Freq
                0x080027e8       0x20 CMakeFiles/GDUT_Robot.elf.dir/Drivers/STM32F1xx_HAL_Driver/Src/stm32f1xx_hal_rcc.c.obj
                0x080027e8                HAL_RCC_GetPCLK2Freq
 .text.TIM_OC1_SetConfig
                0x08002808       0x68 CMakeFiles/GDUT_Robot.elf.dir/Drivers/STM32F1xx_HAL_Driver/Src/stm32f1xx_hal_tim.c.obj
 .text.TIM_OC3_SetConfig
                0x08002870       0x70 CMakeFiles/GDUT_Robot.elf.dir/Drivers/STM32F1xx_HAL_Driver/Src/stm32f1xx_hal_tim.c.obj
 .text.TIM_OC4_SetConfig
                0x080028e0       0x50 CMakeFiles/GDUT_Robot.elf.dir/Drivers/STM32F1xx_HAL_Driver/Src/stm32f1xx_hal_tim.c.obj
 .text.TIM_TI1_ConfigInputStage
                0x08002930       0x24 CMakeFiles/GDUT_Robot.elf.dir/Drivers/STM32F1xx_HAL_Driver/Src/stm32f1xx_hal_tim.c.obj
 .text.TIM_TI2_ConfigInputStage
                0x08002954       0x26 CMakeFiles/GDUT_Robot.elf.dir/Drivers/STM32F1xx_HAL_Driver/Src/stm32f1xx_hal_tim.c.obj
 .text.TIM_ITRx_SetConfig
                0x0800297a       0x10 CMakeFiles/GDUT_Robot.elf.dir/Drivers/STM32F1xx_HAL_Driver/Src/stm32f1xx_hal_tim.c.obj
 *fill*         0x0800298a        0x2 
 .text.HAL_TIM_Base_Start_IT
                0x0800298c       0x78 CMakeFiles/GDUT_Robot.elf.dir/Drivers/STM32F1xx_HAL_Driver/Src/stm32f1xx_hal_tim.c.obj
                0x0800298c                HAL_TIM_Base_Start_IT
 .text.HAL_TIM_OC_MspInit
                0x08002a04        0x2 CMakeFiles/GDUT_Robot.elf.dir/Drivers/STM32F1xx_HAL_Driver/Src/stm32f1xx_hal_tim.c.obj
                0x08002a04                HAL_TIM_OC_MspInit
 .text.HAL_TIM_PWM_MspInit
                0x08002a06        0x2 CMakeFiles/GDUT_Robot.elf.dir/Drivers/STM32F1xx_HAL_Driver/Src/stm32f1xx_hal_tim.c.obj
                0x08002a06                HAL_TIM_PWM_MspInit
 .text.HAL_TIM_OC_DelayElapsedCallback
                0x08002a08        0x2 CMakeFiles/GDUT_Robot.elf.dir/Drivers/STM32F1xx_HAL_Driver/Src/stm32f1xx_hal_tim.c.obj
                0x08002a08                HAL_TIM_OC_DelayElapsedCallback
 .text.HAL_TIM_IC_CaptureCallback
                0x08002a0a        0x2 CMakeFiles/GDUT_Robot.elf.dir/Drivers/STM32F1xx_HAL_Driver/Src/stm32f1xx_hal_tim.c.obj
                0x08002a0a                HAL_TIM_IC_CaptureCallback
 .text.HAL_TIM_PWM_PulseFinishedCallback
                0x08002a0c        0x2 CMakeFiles/GDUT_Robot.elf.dir/Drivers/STM32F1xx_HAL_Driver/Src/stm32f1xx_hal_tim.c.obj
                0x08002a0c                HAL_TIM_PWM_PulseFinishedCallback
 .text.HAL_TIM_TriggerCallback
                0x08002a0e        0x2 CMakeFiles/GDUT_Robot.elf.dir/Drivers/STM32F1xx_HAL_Driver/Src/stm32f1xx_hal_tim.c.obj
                0x08002a0e                HAL_TIM_TriggerCallback
 .text.HAL_TIM_IRQHandler
                0x08002a10      0x17a CMakeFiles/GDUT_Robot.elf.dir/Drivers/STM32F1xx_HAL_Driver/Src/stm32f1xx_hal_tim.c.obj
                0x08002a10                HAL_TIM_IRQHandler
 *fill*         0x08002b8a        0x2 
 .text.TIM_Base_SetConfig
                0x08002b8c       0x98 CMakeFiles/GDUT_Robot.elf.dir/Drivers/STM32F1xx_HAL_Driver/Src/stm32f1xx_hal_tim.c.obj
                0x08002b8c                TIM_Base_SetConfig
 .text.HAL_TIM_Base_Init
                0x08002c24       0x58 CMakeFiles/GDUT_Robot.elf.dir/Drivers/STM32F1xx_HAL_Driver/Src/stm32f1xx_hal_tim.c.obj
                0x08002c24                HAL_TIM_Base_Init
 .text.HAL_TIM_OC_Init
                0x08002c7c       0x58 CMakeFiles/GDUT_Robot.elf.dir/Drivers/STM32F1xx_HAL_Driver/Src/stm32f1xx_hal_tim.c.obj
                0x08002c7c                HAL_TIM_OC_Init
 .text.HAL_TIM_PWM_Init
                0x08002cd4       0x58 CMakeFiles/GDUT_Robot.elf.dir/Drivers/STM32F1xx_HAL_Driver/Src/stm32f1xx_hal_tim.c.obj
                0x08002cd4                HAL_TIM_PWM_Init
 .text.HAL_TIM_Encoder_Init
                0x08002d2c       0xb8 CMakeFiles/GDUT_Robot.elf.dir/Drivers/STM32F1xx_HAL_Driver/Src/stm32f1xx_hal_tim.c.obj
                0x08002d2c                HAL_TIM_Encoder_Init
 .text.TIM_OC2_SetConfig
                0x08002de4       0x70 CMakeFiles/GDUT_Robot.elf.dir/Drivers/STM32F1xx_HAL_Driver/Src/stm32f1xx_hal_tim.c.obj
                0x08002de4                TIM_OC2_SetConfig
 .text.HAL_TIM_OC_ConfigChannel
                0x08002e54       0x52 CMakeFiles/GDUT_Robot.elf.dir/Drivers/STM32F1xx_HAL_Driver/Src/stm32f1xx_hal_tim.c.obj
                0x08002e54                HAL_TIM_OC_ConfigChannel
 .text.HAL_TIM_PWM_ConfigChannel
                0x08002ea6       0xd0 CMakeFiles/GDUT_Robot.elf.dir/Drivers/STM32F1xx_HAL_Driver/Src/stm32f1xx_hal_tim.c.obj
                0x08002ea6                HAL_TIM_PWM_ConfigChannel
 .text.TIM_ETR_SetConfig
                0x08002f76       0x18 CMakeFiles/GDUT_Robot.elf.dir/Drivers/STM32F1xx_HAL_Driver/Src/stm32f1xx_hal_tim.c.obj
                0x08002f76                TIM_ETR_SetConfig
 .text.HAL_TIM_ConfigClockSource
                0x08002f8e       0xda CMakeFiles/GDUT_Robot.elf.dir/Drivers/STM32F1xx_HAL_Driver/Src/stm32f1xx_hal_tim.c.obj
                0x08002f8e                HAL_TIM_ConfigClockSource
 .text.TIM_CCxChannelCmd
                0x08003068       0x1e CMakeFiles/GDUT_Robot.elf.dir/Drivers/STM32F1xx_HAL_Driver/Src/stm32f1xx_hal_tim.c.obj
                0x08003068                TIM_CCxChannelCmd
 *fill*         0x08003086        0x2 
 .text.HAL_TIM_PWM_Start
                0x08003088       0xf4 CMakeFiles/GDUT_Robot.elf.dir/Drivers/STM32F1xx_HAL_Driver/Src/stm32f1xx_hal_tim.c.obj
                0x08003088                HAL_TIM_PWM_Start
 .text.HAL_TIMEx_MasterConfigSynchronization
                0x0800317c       0x7c CMakeFiles/GDUT_Robot.elf.dir/Drivers/STM32F1xx_HAL_Driver/Src/stm32f1xx_hal_tim_ex.c.obj
                0x0800317c                HAL_TIMEx_MasterConfigSynchronization
 .text.HAL_TIMEx_ConfigBreakDeadTime
                0x080031f8       0x52 CMakeFiles/GDUT_Robot.elf.dir/Drivers/STM32F1xx_HAL_Driver/Src/stm32f1xx_hal_tim_ex.c.obj
                0x080031f8                HAL_TIMEx_ConfigBreakDeadTime
 .text.HAL_TIMEx_CommutCallback
                0x0800324a        0x2 CMakeFiles/GDUT_Robot.elf.dir/Drivers/STM32F1xx_HAL_Driver/Src/stm32f1xx_hal_tim_ex.c.obj
                0x0800324a                HAL_TIMEx_CommutCallback
 .text.HAL_TIMEx_BreakCallback
                0x0800324c        0x2 CMakeFiles/GDUT_Robot.elf.dir/Drivers/STM32F1xx_HAL_Driver/Src/stm32f1xx_hal_tim_ex.c.obj
                0x0800324c                HAL_TIMEx_BreakCallback
 .text.UART_EndTxTransfer
                0x0800324e       0x12 CMakeFiles/GDUT_Robot.elf.dir/Drivers/STM32F1xx_HAL_Driver/Src/stm32f1xx_hal_uart.c.obj
 .text.UART_EndRxTransfer
                0x08003260       0x1c CMakeFiles/GDUT_Robot.elf.dir/Drivers/STM32F1xx_HAL_Driver/Src/stm32f1xx_hal_uart.c.obj
 .text.UART_Transmit_IT
                0x0800327c       0x60 CMakeFiles/GDUT_Robot.elf.dir/Drivers/STM32F1xx_HAL_Driver/Src/stm32f1xx_hal_uart.c.obj
 .text.UART_SetConfig
                0x080032dc       0x94 CMakeFiles/GDUT_Robot.elf.dir/Drivers/STM32F1xx_HAL_Driver/Src/stm32f1xx_hal_uart.c.obj
 .text.UART_WaitOnFlagUntilTimeout
                0x08003370       0x6c CMakeFiles/GDUT_Robot.elf.dir/Drivers/STM32F1xx_HAL_Driver/Src/stm32f1xx_hal_uart.c.obj
 .text.HAL_UART_Init
                0x080033dc       0x5e CMakeFiles/GDUT_Robot.elf.dir/Drivers/STM32F1xx_HAL_Driver/Src/stm32f1xx_hal_uart.c.obj
                0x080033dc                HAL_UART_Init
 .text.HAL_UART_Transmit
                0x0800343a       0xd8 CMakeFiles/GDUT_Robot.elf.dir/Drivers/STM32F1xx_HAL_Driver/Src/stm32f1xx_hal_uart.c.obj
                0x0800343a                HAL_UART_Transmit
 .text.HAL_UART_Receive
                0x08003512       0xe2 CMakeFiles/GDUT_Robot.elf.dir/Drivers/STM32F1xx_HAL_Driver/Src/stm32f1xx_hal_uart.c.obj
                0x08003512                HAL_UART_Receive
 .text.HAL_UART_Receive_DMA
                0x080035f4       0xa8 CMakeFiles/GDUT_Robot.elf.dir/Drivers/STM32F1xx_HAL_Driver/Src/stm32f1xx_hal_uart.c.obj
                0x080035f4                HAL_UART_Receive_DMA
 .text.HAL_UART_DMAStop
                0x0800369c       0x64 CMakeFiles/GDUT_Robot.elf.dir/Drivers/STM32F1xx_HAL_Driver/Src/stm32f1xx_hal_uart.c.obj
                0x0800369c                HAL_UART_DMAStop
 .text.HAL_UART_TxCpltCallback
                0x08003700        0x2 CMakeFiles/GDUT_Robot.elf.dir/Drivers/STM32F1xx_HAL_Driver/Src/stm32f1xx_hal_uart.c.obj
                0x08003700                HAL_UART_TxCpltCallback
 .text.UART_EndTransmit_IT
                0x08003702       0x1a CMakeFiles/GDUT_Robot.elf.dir/Drivers/STM32F1xx_HAL_Driver/Src/stm32f1xx_hal_uart.c.obj
 .text.HAL_UART_RxCpltCallback
                0x0800371c        0x2 CMakeFiles/GDUT_Robot.elf.dir/Drivers/STM32F1xx_HAL_Driver/Src/stm32f1xx_hal_uart.c.obj
                0x0800371c                HAL_UART_RxCpltCallback
 .text.UART_DMAReceiveCplt
                0x0800371e       0x3e CMakeFiles/GDUT_Robot.elf.dir/Drivers/STM32F1xx_HAL_Driver/Src/stm32f1xx_hal_uart.c.obj
 .text.UART_Receive_IT
                0x0800375c       0x94 CMakeFiles/GDUT_Robot.elf.dir/Drivers/STM32F1xx_HAL_Driver/Src/stm32f1xx_hal_uart.c.obj
 .text.HAL_UART_RxHalfCpltCallback
                0x080037f0        0x2 CMakeFiles/GDUT_Robot.elf.dir/Drivers/STM32F1xx_HAL_Driver/Src/stm32f1xx_hal_uart.c.obj
                0x080037f0                HAL_UART_RxHalfCpltCallback
 .text.UART_DMARxHalfCplt
                0x080037f2        0xa CMakeFiles/GDUT_Robot.elf.dir/Drivers/STM32F1xx_HAL_Driver/Src/stm32f1xx_hal_uart.c.obj
 .text.HAL_UART_ErrorCallback
                0x080037fc        0x2 CMakeFiles/GDUT_Robot.elf.dir/Drivers/STM32F1xx_HAL_Driver/Src/stm32f1xx_hal_uart.c.obj
                0x080037fc                HAL_UART_ErrorCallback
 .text.UART_DMAError
                0x080037fe       0x58 CMakeFiles/GDUT_Robot.elf.dir/Drivers/STM32F1xx_HAL_Driver/Src/stm32f1xx_hal_uart.c.obj
 *fill*         0x08003856        0x2 
 .text.HAL_UART_IRQHandler
                0x08003858      0x128 CMakeFiles/GDUT_Robot.elf.dir/Drivers/STM32F1xx_HAL_Driver/Src/stm32f1xx_hal_uart.c.obj
                0x08003858                HAL_UART_IRQHandler
 .text.UART_DMAAbortOnError
                0x08003980       0x10 CMakeFiles/GDUT_Robot.elf.dir/Drivers/STM32F1xx_HAL_Driver/Src/stm32f1xx_hal_uart.c.obj
 .text.USART_SetConfig
                0x08003990       0xe4 CMakeFiles/GDUT_Robot.elf.dir/Drivers/STM32F1xx_HAL_Driver/Src/stm32f1xx_hal_usart.c.obj
 .text.HAL_USART_Init
                0x08003a74       0x50 CMakeFiles/GDUT_Robot.elf.dir/Drivers/STM32F1xx_HAL_Driver/Src/stm32f1xx_hal_usart.c.obj
                0x08003a74                HAL_USART_Init
 .text.MX_GPIO_Init
                0x08003ac4       0x54 CMakeFiles/GDUT_Robot.elf.dir/Src/main.c.obj
 .text.MX_DMA_Init
                0x08003b18       0x44 CMakeFiles/GDUT_Robot.elf.dir/Src/main.c.obj
 .text.MX_TIM6_Init
                0x08003b5c       0x3c CMakeFiles/GDUT_Robot.elf.dir/Src/main.c.obj
 .text.MX_TIM8_Init
                0x08003b98       0x54 CMakeFiles/GDUT_Robot.elf.dir/Src/main.c.obj
 .text.MX_TIM1_Init
                0x08003bec       0xd4 CMakeFiles/GDUT_Robot.elf.dir/Src/main.c.obj
 .text.MX_TIM3_Init
                0x08003cc0       0x50 CMakeFiles/GDUT_Robot.elf.dir/Src/main.c.obj
 .text.MX_TIM2_Init
                0x08003d10       0x50 CMakeFiles/GDUT_Robot.elf.dir/Src/main.c.obj
 .text.MX_TIM5_Init
                0x08003d60       0x50 CMakeFiles/GDUT_Robot.elf.dir/Src/main.c.obj
 .text.MX_UART4_Init
                0x08003db0       0x2c CMakeFiles/GDUT_Robot.elf.dir/Src/main.c.obj
 .text.MX_USART2_UART_Init
                0x08003ddc       0x2c CMakeFiles/GDUT_Robot.elf.dir/Src/main.c.obj
 .text.MX_USART3_Init
                0x08003e08       0x30 CMakeFiles/GDUT_Robot.elf.dir/Src/main.c.obj
 .text.MX_I2C1_Init
                0x08003e38       0x34 CMakeFiles/GDUT_Robot.elf.dir/Src/main.c.obj
 .text.SystemClock_Config
                0x08003e6c       0x44 CMakeFiles/GDUT_Robot.elf.dir/Src/main.c.obj
                0x08003e6c                SystemClock_Config
 .text.main     0x08003eb0       0x64 CMakeFiles/GDUT_Robot.elf.dir/Src/main.c.obj
                0x08003eb0                main
 .text.Error_Handler
                0x08003f14        0x2 CMakeFiles/GDUT_Robot.elf.dir/Src/main.c.obj
                0x08003f14                Error_Handler
 *fill*         0x08003f16        0x2 
 .text.HAL_MspInit
                0x08003f18       0x44 CMakeFiles/GDUT_Robot.elf.dir/Src/stm32f1xx_hal_msp.c.obj
                0x08003f18                HAL_MspInit
 .text.HAL_I2C_MspInit
                0x08003f5c       0x64 CMakeFiles/GDUT_Robot.elf.dir/Src/stm32f1xx_hal_msp.c.obj
                0x08003f5c                HAL_I2C_MspInit
 .text.HAL_TIM_Base_MspInit
                0x08003fc0       0x80 CMakeFiles/GDUT_Robot.elf.dir/Src/stm32f1xx_hal_msp.c.obj
                0x08003fc0                HAL_TIM_Base_MspInit
 .text.HAL_TIM_Encoder_MspInit
                0x08004040      0x118 CMakeFiles/GDUT_Robot.elf.dir/Src/stm32f1xx_hal_msp.c.obj
                0x08004040                HAL_TIM_Encoder_MspInit
 .text.HAL_TIM_MspPostInit
                0x08004158       0x50 CMakeFiles/GDUT_Robot.elf.dir/Src/stm32f1xx_hal_msp.c.obj
                0x08004158                HAL_TIM_MspPostInit
 .text.HAL_UART_MspInit
                0x080041a8       0xe8 CMakeFiles/GDUT_Robot.elf.dir/Src/stm32f1xx_hal_msp.c.obj
                0x080041a8                HAL_UART_MspInit
 .text.HAL_USART_MspInit
                0x08004290       0xf8 CMakeFiles/GDUT_Robot.elf.dir/Src/stm32f1xx_hal_msp.c.obj
                0x08004290                HAL_USART_MspInit
 .text.NMI_Handler
                0x08004388        0x2 CMakeFiles/GDUT_Robot.elf.dir/Src/stm32f1xx_it.c.obj
                0x08004388                NMI_Handler
 .text.HardFault_Handler
                0x0800438a        0x2 CMakeFiles/GDUT_Robot.elf.dir/Src/stm32f1xx_it.c.obj
                0x0800438a                HardFault_Handler
 .text.MemManage_Handler
                0x0800438c        0x2 CMakeFiles/GDUT_Robot.elf.dir/Src/stm32f1xx_it.c.obj
                0x0800438c                MemManage_Handler
 .text.BusFault_Handler
                0x0800438e        0x2 CMakeFiles/GDUT_Robot.elf.dir/Src/stm32f1xx_it.c.obj
                0x0800438e                BusFault_Handler
 .text.UsageFault_Handler
                0x08004390        0x2 CMakeFiles/GDUT_Robot.elf.dir/Src/stm32f1xx_it.c.obj
                0x08004390                UsageFault_Handler
 .text.SVC_Handler
                0x08004392        0x2 CMakeFiles/GDUT_Robot.elf.dir/Src/stm32f1xx_it.c.obj
                0x08004392                SVC_Handler
 .text.DebugMon_Handler
                0x08004394        0x2 CMakeFiles/GDUT_Robot.elf.dir/Src/stm32f1xx_it.c.obj
                0x08004394                DebugMon_Handler
 .text.PendSV_Handler
                0x08004396        0x2 CMakeFiles/GDUT_Robot.elf.dir/Src/stm32f1xx_it.c.obj
                0x08004396                PendSV_Handler
 .text.SysTick_Handler
                0x08004398        0x8 CMakeFiles/GDUT_Robot.elf.dir/Src/stm32f1xx_it.c.obj
                0x08004398                SysTick_Handler
 .text.DMA1_Channel2_IRQHandler
                0x080043a0       0x10 CMakeFiles/GDUT_Robot.elf.dir/Src/stm32f1xx_it.c.obj
                0x080043a0                DMA1_Channel2_IRQHandler
 .text.DMA1_Channel3_IRQHandler
                0x080043b0       0x10 CMakeFiles/GDUT_Robot.elf.dir/Src/stm32f1xx_it.c.obj
                0x080043b0                DMA1_Channel3_IRQHandler
 .text.TIM6_IRQHandler
                0x080043c0       0x10 CMakeFiles/GDUT_Robot.elf.dir/Src/stm32f1xx_it.c.obj
                0x080043c0                TIM6_IRQHandler
 .text._sbrk    0x080043d0       0x3c CMakeFiles/GDUT_Robot.elf.dir/Src/syscalls.c.obj
                0x080043d0                _sbrk
 .text.SystemInit
                0x0800440c        0x2 CMakeFiles/GDUT_Robot.elf.dir/Src/system_stm32f1xx.c.obj
                0x0800440c                SystemInit
 *fill*         0x0800440e        0x2 
 .text.RetargetInit
                0x08004410       0x20 CMakeFiles/GDUT_Robot.elf.dir/mystdio/retarget.c.obj
                0x08004410                RetargetInit
 .text._write   0x08004430       0x34 CMakeFiles/GDUT_Robot.elf.dir/mystdio/retarget.c.obj
                0x08004430                _write
 .text._close   0x08004464       0x18 CMakeFiles/GDUT_Robot.elf.dir/mystdio/retarget.c.obj
                0x08004464                _close
 .text._lseek   0x0800447c       0x10 CMakeFiles/GDUT_Robot.elf.dir/mystdio/retarget.c.obj
                0x0800447c                _lseek
 .text._read    0x0800448c       0x30 CMakeFiles/GDUT_Robot.elf.dir/mystdio/retarget.c.obj
                0x0800448c                _read
 .text._fstat   0x080044bc       0x1a CMakeFiles/GDUT_Robot.elf.dir/mystdio/retarget.c.obj
                0x080044bc                _fstat
 *fill*         0x080044d6        0x2 
 .text.Reset_Handler
                0x080044d8       0x48 CMakeFiles/GDUT_Robot.elf.dir/startup/startup_stm32f103xe.s.obj
                0x080044d8                Reset_Handler
 .text.Default_Handler
                0x08004520        0x2 CMakeFiles/GDUT_Robot.elf.dir/startup/startup_stm32f103xe.s.obj
                0x08004520                RTC_Alarm_IRQHandler
                0x08004520                EXTI2_IRQHandler
                0x08004520                TIM8_TRG_COM_IRQHandler
                0x08004520                TIM8_CC_IRQHandler
                0x08004520                TIM1_CC_IRQHandler
                0x08004520                PVD_IRQHandler
                0x08004520                SDIO_IRQHandler
                0x08004520                EXTI3_IRQHandler
                0x08004520                EXTI0_IRQHandler
                0x08004520                I2C2_EV_IRQHandler
                0x08004520                ADC1_2_IRQHandler
                0x08004520                SPI1_IRQHandler
                0x08004520                TAMPER_IRQHandler
                0x08004520                TIM8_UP_IRQHandler
                0x08004520                DMA2_Channel2_IRQHandler
                0x08004520                DMA1_Channel4_IRQHandler
                0x08004520                RTC_IRQHandler
                0x08004520                DMA1_Channel7_IRQHandler
                0x08004520                CAN1_RX1_IRQHandler
                0x08004520                UART5_IRQHandler
                0x08004520                ADC3_IRQHandler
                0x08004520                TIM4_IRQHandler
                0x08004520                DMA2_Channel1_IRQHandler
                0x08004520                I2C1_EV_IRQHandler
                0x08004520                DMA1_Channel6_IRQHandler
                0x08004520                TIM3_IRQHandler
                0x08004520                RCC_IRQHandler
                0x08004520                TIM1_TRG_COM_IRQHandler
                0x08004520                DMA1_Channel1_IRQHandler
                0x08004520                Default_Handler
                0x08004520                EXTI15_10_IRQHandler
                0x08004520                TIM7_IRQHandler
                0x08004520                TIM5_IRQHandler
                0x08004520                EXTI9_5_IRQHandler
                0x08004520                SPI2_IRQHandler
                0x08004520                DMA1_Channel5_IRQHandler
                0x08004520                EXTI4_IRQHandler
                0x08004520                USB_LP_CAN1_RX0_IRQHandler
                0x08004520                USB_HP_CAN1_TX_IRQHandler
                0x08004520                FSMC_IRQHandler
                0x08004520                TIM1_UP_IRQHandler
                0x08004520                WWDG_IRQHandler
                0x08004520                TIM2_IRQHandler
                0x08004520                TIM1_BRK_IRQHandler
                0x08004520                EXTI1_IRQHandler
                0x08004520                DMA2_Channel4_5_IRQHandler
                0x08004520                USART2_IRQHandler
                0x08004520                I2C2_ER_IRQHandler
                0x08004520                TIM8_BRK_IRQHandler
                0x08004520                CAN1_SCE_IRQHandler
                0x08004520                FLASH_IRQHandler
                0x08004520                USART1_IRQHandler
                0x08004520                SPI3_IRQHandler
                0x08004520                I2C1_ER_IRQHandler
                0x08004520                USBWakeUp_IRQHandler
                0x08004520                DMA2_Channel3_IRQHandler
 *fill*         0x08004522        0x2 
 .text.PID_Init
                0x08004524       0x50 CMakeFiles/GDUT_Robot.elf.dir/tim/PID_struct.c.obj
                0x08004524                PID_Init
 .text.Increment_PID_Calculation
                0x08004574       0xde CMakeFiles/GDUT_Robot.elf.dir/tim/PID_struct.c.obj
                0x08004574                Increment_PID_Calculation
 *fill*         0x08004652        0x2 
 .text.HAL_TIM_PeriodElapsedCallback
                0x08004654       0x24 CMakeFiles/GDUT_Robot.elf.dir/tim/tim_it.c.obj
                0x08004654                HAL_TIM_PeriodElapsedCallback
 .text.__errno  0x08004678        0xc d:/gcc-arm-none-eabi-10-2020-q4-major-win32/gcc-arm-none-eabi-10-2020-q4-major/bin/../lib/gcc/arm-none-eabi/10.2.1/../../../../arm-none-eabi/lib/thumb/v7-m/nofp\libg.a(lib_a-errno.o)
                0x08004678                __errno
 .text.__libc_init_array
                0x08004684       0x48 d:/gcc-arm-none-eabi-10-2020-q4-major-win32/gcc-arm-none-eabi-10-2020-q4-major/bin/../lib/gcc/arm-none-eabi/10.2.1/../../../../arm-none-eabi/lib/thumb/v7-m/nofp\libg.a(lib_a-init.o)
                0x08004684                __libc_init_array
 .text.memset   0x080046cc       0xa4 d:/gcc-arm-none-eabi-10-2020-q4-major-win32/gcc-arm-none-eabi-10-2020-q4-major/bin/../lib/gcc/arm-none-eabi/10.2.1/../../../../arm-none-eabi/lib/thumb/v7-m/nofp\libg.a(lib_a-memset.o)
                0x080046cc                memset
 .text.setvbuf  0x08004770      0x1b0 d:/gcc-arm-none-eabi-10-2020-q4-major-win32/gcc-arm-none-eabi-10-2020-q4-major/bin/../lib/gcc/arm-none-eabi/10.2.1/../../../../arm-none-eabi/lib/thumb/v7-m/nofp\libg.a(lib_a-setvbuf.o)
                0x08004770                setvbuf
 .text.startup.register_fini
                0x08004920       0x14 d:/gcc-arm-none-eabi-10-2020-q4-major-win32/gcc-arm-none-eabi-10-2020-q4-major/bin/../lib/gcc/arm-none-eabi/10.2.1/../../../../arm-none-eabi/lib/thumb/v7-m/nofp\libg.a(lib_a-__call_atexit.o)
 .text.atexit   0x08004934        0xc d:/gcc-arm-none-eabi-10-2020-q4-major-win32/gcc-arm-none-eabi-10-2020-q4-major/bin/../lib/gcc/arm-none-eabi/10.2.1/../../../../arm-none-eabi/lib/thumb/v7-m/nofp\libg.a(lib_a-atexit.o)
                0x08004934                atexit
 .text.__sflush_r
                0x08004940      0x124 d:/gcc-arm-none-eabi-10-2020-q4-major-win32/gcc-arm-none-eabi-10-2020-q4-major/bin/../lib/gcc/arm-none-eabi/10.2.1/../../../../arm-none-eabi/lib/thumb/v7-m/nofp\libg.a(lib_a-fflush.o)
                0x08004940                __sflush_r
 .text._fflush_r
                0x08004a64       0x5c d:/gcc-arm-none-eabi-10-2020-q4-major-win32/gcc-arm-none-eabi-10-2020-q4-major/bin/../lib/gcc/arm-none-eabi/10.2.1/../../../../arm-none-eabi/lib/thumb/v7-m/nofp\libg.a(lib_a-fflush.o)
                0x08004a64                _fflush_r
 .text._cleanup_r
                0x08004ac0        0xc d:/gcc-arm-none-eabi-10-2020-q4-major-win32/gcc-arm-none-eabi-10-2020-q4-major/bin/../lib/gcc/arm-none-eabi/10.2.1/../../../../arm-none-eabi/lib/thumb/v7-m/nofp\libg.a(lib_a-findfp.o)
                0x08004ac0                _cleanup_r
 .text.__sinit  0x08004acc      0x10c d:/gcc-arm-none-eabi-10-2020-q4-major-win32/gcc-arm-none-eabi-10-2020-q4-major/bin/../lib/gcc/arm-none-eabi/10.2.1/../../../../arm-none-eabi/lib/thumb/v7-m/nofp\libg.a(lib_a-findfp.o)
                0x08004acc                __sinit
 .text.__sfp_lock_acquire
                0x08004bd8        0xc d:/gcc-arm-none-eabi-10-2020-q4-major-win32/gcc-arm-none-eabi-10-2020-q4-major/bin/../lib/gcc/arm-none-eabi/10.2.1/../../../../arm-none-eabi/lib/thumb/v7-m/nofp\libg.a(lib_a-findfp.o)
                0x08004bd8                __sfp_lock_acquire
 .text.__sfp_lock_release
                0x08004be4        0xc d:/gcc-arm-none-eabi-10-2020-q4-major-win32/gcc-arm-none-eabi-10-2020-q4-major/bin/../lib/gcc/arm-none-eabi/10.2.1/../../../../arm-none-eabi/lib/thumb/v7-m/nofp\libg.a(lib_a-findfp.o)
                0x08004be4                __sfp_lock_release
 .text.__libc_fini_array
                0x08004bf0       0x2c d:/gcc-arm-none-eabi-10-2020-q4-major-win32/gcc-arm-none-eabi-10-2020-q4-major/bin/../lib/gcc/arm-none-eabi/10.2.1/../../../../arm-none-eabi/lib/thumb/v7-m/nofp\libg.a(lib_a-fini.o)
                0x08004bf0                __libc_fini_array
 .text._malloc_trim_r
                0x08004c1c       0xa0 d:/gcc-arm-none-eabi-10-2020-q4-major-win32/gcc-arm-none-eabi-10-2020-q4-major/bin/../lib/gcc/arm-none-eabi/10.2.1/../../../../arm-none-eabi/lib/thumb/v7-m/nofp\libg.a(lib_a-freer.o)
                0x08004c1c                _malloc_trim_r
 .text._free_r  0x08004cbc      0x200 d:/gcc-arm-none-eabi-10-2020-q4-major-win32/gcc-arm-none-eabi-10-2020-q4-major/bin/../lib/gcc/arm-none-eabi/10.2.1/../../../../arm-none-eabi/lib/thumb/v7-m/nofp\libg.a(lib_a-freer.o)
                0x08004cbc                _free_r
 .text._fwalk_reent
                0x08004ebc       0x48 d:/gcc-arm-none-eabi-10-2020-q4-major-win32/gcc-arm-none-eabi-10-2020-q4-major/bin/../lib/gcc/arm-none-eabi/10.2.1/../../../../arm-none-eabi/lib/thumb/v7-m/nofp\libg.a(lib_a-fwalk.o)
                0x08004ebc                _fwalk_reent
 .text.__retarget_lock_init_recursive
                0x08004f04        0x4 d:/gcc-arm-none-eabi-10-2020-q4-major-win32/gcc-arm-none-eabi-10-2020-q4-major/bin/../lib/gcc/arm-none-eabi/10.2.1/../../../../arm-none-eabi/lib/thumb/v7-m/nofp\libg.a(lib_a-lock.o)
                0x08004f04                __retarget_lock_init_recursive
 .text.__retarget_lock_close_recursive
                0x08004f08        0x4 d:/gcc-arm-none-eabi-10-2020-q4-major-win32/gcc-arm-none-eabi-10-2020-q4-major/bin/../lib/gcc/arm-none-eabi/10.2.1/../../../../arm-none-eabi/lib/thumb/v7-m/nofp\libg.a(lib_a-lock.o)
                0x08004f08                __retarget_lock_close_recursive
 .text.__retarget_lock_acquire_recursive
                0x08004f0c        0x4 d:/gcc-arm-none-eabi-10-2020-q4-major-win32/gcc-arm-none-eabi-10-2020-q4-major/bin/../lib/gcc/arm-none-eabi/10.2.1/../../../../arm-none-eabi/lib/thumb/v7-m/nofp\libg.a(lib_a-lock.o)
                0x08004f0c                __retarget_lock_acquire_recursive
 .text.__retarget_lock_release_recursive
                0x08004f10        0x4 d:/gcc-arm-none-eabi-10-2020-q4-major-win32/gcc-arm-none-eabi-10-2020-q4-major/bin/../lib/gcc/arm-none-eabi/10.2.1/../../../../arm-none-eabi/lib/thumb/v7-m/nofp\libg.a(lib_a-lock.o)
                0x08004f10                __retarget_lock_release_recursive
 .text.__swhatbuf_r
                0x08004f14       0x60 d:/gcc-arm-none-eabi-10-2020-q4-major-win32/gcc-arm-none-eabi-10-2020-q4-major/bin/../lib/gcc/arm-none-eabi/10.2.1/../../../../arm-none-eabi/lib/thumb/v7-m/nofp\libg.a(lib_a-makebuf.o)
                0x08004f14                __swhatbuf_r
 .text.malloc   0x08004f74       0x10 d:/gcc-arm-none-eabi-10-2020-q4-major-win32/gcc-arm-none-eabi-10-2020-q4-major/bin/../lib/gcc/arm-none-eabi/10.2.1/../../../../arm-none-eabi/lib/thumb/v7-m/nofp\libg.a(lib_a-malloc.o)
                0x08004f74                malloc
 .text._malloc_r
                0x08004f84      0x558 d:/gcc-arm-none-eabi-10-2020-q4-major-win32/gcc-arm-none-eabi-10-2020-q4-major/bin/../lib/gcc/arm-none-eabi/10.2.1/../../../../arm-none-eabi/lib/thumb/v7-m/nofp\libg.a(lib_a-mallocr.o)
                0x08004f84                _malloc_r
 .text.__malloc_lock
                0x080054dc        0xc d:/gcc-arm-none-eabi-10-2020-q4-major-win32/gcc-arm-none-eabi-10-2020-q4-major/bin/../lib/gcc/arm-none-eabi/10.2.1/../../../../arm-none-eabi/lib/thumb/v7-m/nofp\libg.a(lib_a-mlock.o)
                0x080054dc                __malloc_lock
 .text.__malloc_unlock
                0x080054e8        0xc d:/gcc-arm-none-eabi-10-2020-q4-major-win32/gcc-arm-none-eabi-10-2020-q4-major/bin/../lib/gcc/arm-none-eabi/10.2.1/../../../../arm-none-eabi/lib/thumb/v7-m/nofp\libg.a(lib_a-mlock.o)
                0x080054e8                __malloc_unlock
 .text._sbrk_r  0x080054f4       0x24 d:/gcc-arm-none-eabi-10-2020-q4-major-win32/gcc-arm-none-eabi-10-2020-q4-major/bin/../lib/gcc/arm-none-eabi/10.2.1/../../../../arm-none-eabi/lib/thumb/v7-m/nofp\libg.a(lib_a-sbrkr.o)
                0x080054f4                _sbrk_r
 .text.__sread  0x08005518       0x24 d:/gcc-arm-none-eabi-10-2020-q4-major-win32/gcc-arm-none-eabi-10-2020-q4-major/bin/../lib/gcc/arm-none-eabi/10.2.1/../../../../arm-none-eabi/lib/thumb/v7-m/nofp\libg.a(lib_a-stdio.o)
                0x08005518                __sread
 .text.__swrite
                0x0800553c       0x40 d:/gcc-arm-none-eabi-10-2020-q4-major-win32/gcc-arm-none-eabi-10-2020-q4-major/bin/../lib/gcc/arm-none-eabi/10.2.1/../../../../arm-none-eabi/lib/thumb/v7-m/nofp\libg.a(lib_a-stdio.o)
                0x0800553c                __swrite
 .text.__sseek  0x0800557c       0x20 d:/gcc-arm-none-eabi-10-2020-q4-major-win32/gcc-arm-none-eabi-10-2020-q4-major/bin/../lib/gcc/arm-none-eabi/10.2.1/../../../../arm-none-eabi/lib/thumb/v7-m/nofp\libg.a(lib_a-stdio.o)
                0x0800557c                __sseek
 .text.__sclose
                0x0800559c        0x8 d:/gcc-arm-none-eabi-10-2020-q4-major-win32/gcc-arm-none-eabi-10-2020-q4-major/bin/../lib/gcc/arm-none-eabi/10.2.1/../../../../arm-none-eabi/lib/thumb/v7-m/nofp\libg.a(lib_a-stdio.o)
                0x0800559c                __sclose
 .text._write_r
                0x080055a4       0x2c d:/gcc-arm-none-eabi-10-2020-q4-major-win32/gcc-arm-none-eabi-10-2020-q4-major/bin/../lib/gcc/arm-none-eabi/10.2.1/../../../../arm-none-eabi/lib/thumb/v7-m/nofp\libg.a(lib_a-writer.o)
                0x080055a4                _write_r
 .text.__register_exitproc
                0x080055d0       0x8c d:/gcc-arm-none-eabi-10-2020-q4-major-win32/gcc-arm-none-eabi-10-2020-q4-major/bin/../lib/gcc/arm-none-eabi/10.2.1/../../../../arm-none-eabi/lib/thumb/v7-m/nofp\libg.a(lib_a-__atexit.o)
                0x080055d0                __register_exitproc
 .text._close_r
                0x0800565c       0x24 d:/gcc-arm-none-eabi-10-2020-q4-major-win32/gcc-arm-none-eabi-10-2020-q4-major/bin/../lib/gcc/arm-none-eabi/10.2.1/../../../../arm-none-eabi/lib/thumb/v7-m/nofp\libg.a(lib_a-closer.o)
                0x0800565c                _close_r
 .text._fclose_r
                0x08005680       0xcc d:/gcc-arm-none-eabi-10-2020-q4-major-win32/gcc-arm-none-eabi-10-2020-q4-major/bin/../lib/gcc/arm-none-eabi/10.2.1/../../../../arm-none-eabi/lib/thumb/v7-m/nofp\libg.a(lib_a-fclose.o)
                0x08005680                _fclose_r
 .text._fstat_r
                0x0800574c       0x28 d:/gcc-arm-none-eabi-10-2020-q4-major-win32/gcc-arm-none-eabi-10-2020-q4-major/bin/../lib/gcc/arm-none-eabi/10.2.1/../../../../arm-none-eabi/lib/thumb/v7-m/nofp\libg.a(lib_a-fstatr.o)
                0x0800574c                _fstat_r
 .text._lseek_r
                0x08005774       0x2c d:/gcc-arm-none-eabi-10-2020-q4-major-win32/gcc-arm-none-eabi-10-2020-q4-major/bin/../lib/gcc/arm-none-eabi/10.2.1/../../../../arm-none-eabi/lib/thumb/v7-m/nofp\libg.a(lib_a-lseekr.o)
                0x08005774                _lseek_r
 .text._read_r  0x080057a0       0x2c d:/gcc-arm-none-eabi-10-2020-q4-major-win32/gcc-arm-none-eabi-10-2020-q4-major/bin/../lib/gcc/arm-none-eabi/10.2.1/../../../../arm-none-eabi/lib/thumb/v7-m/nofp\libg.a(lib_a-readr.o)
                0x080057a0                _read_r
 *(.glue_7)
 .glue_7        0x080057cc        0x0 linker stubs
 *(.glue_7t)
 .glue_7t       0x080057cc        0x0 linker stubs
 *(.eh_frame)
 .eh_frame      0x080057cc        0x0 d:/gcc-arm-none-eabi-10-2020-q4-major-win32/gcc-arm-none-eabi-10-2020-q4-major/bin/../lib/gcc/arm-none-eabi/10.2.1/thumb/v7-m/nofp/crtbegin.o
 *(.init)
 .init          0x080057cc        0x4 d:/gcc-arm-none-eabi-10-2020-q4-major-win32/gcc-arm-none-eabi-10-2020-q4-major/bin/../lib/gcc/arm-none-eabi/10.2.1/thumb/v7-m/nofp/crti.o
                0x080057cc                _init
 .init          0x080057d0        0x8 d:/gcc-arm-none-eabi-10-2020-q4-major-win32/gcc-arm-none-eabi-10-2020-q4-major/bin/../lib/gcc/arm-none-eabi/10.2.1/thumb/v7-m/nofp/crtn.o
 *(.fini)
 .fini          0x080057d8        0x4 d:/gcc-arm-none-eabi-10-2020-q4-major-win32/gcc-arm-none-eabi-10-2020-q4-major/bin/../lib/gcc/arm-none-eabi/10.2.1/thumb/v7-m/nofp/crti.o
                0x080057d8                _fini
 .fini          0x080057dc        0x8 d:/gcc-arm-none-eabi-10-2020-q4-major-win32/gcc-arm-none-eabi-10-2020-q4-major/bin/../lib/gcc/arm-none-eabi/10.2.1/thumb/v7-m/nofp/crtn.o
                0x080057e4                . = ALIGN (0x4)
                0x080057e4                _etext = .

.vfp11_veneer   0x080057e4        0x0
 .vfp11_veneer  0x080057e4        0x0 linker stubs

.v4_bx          0x080057e4        0x0
 .v4_bx         0x080057e4        0x0 linker stubs

.iplt           0x080057e4        0x0
 .iplt          0x080057e4        0x0 d:/gcc-arm-none-eabi-10-2020-q4-major-win32/gcc-arm-none-eabi-10-2020-q4-major/bin/../lib/gcc/arm-none-eabi/10.2.1/thumb/v7-m/nofp/crtbegin.o

.rodata         0x080057e4       0x30
                0x080057e4                . = ALIGN (0x4)
 *(.rodata)
 *(.rodata*)
 .rodata.HAL_RCC_GetSysClockFreq.str1.4
                0x080057e4       0x11 CMakeFiles/GDUT_Robot.elf.dir/Drivers/STM32F1xx_HAL_Driver/Src/stm32f1xx_hal_rcc.c.obj
 *fill*         0x080057f5        0x3 
 .rodata.AHBPrescTable
                0x080057f8       0x10 CMakeFiles/GDUT_Robot.elf.dir/Src/system_stm32f1xx.c.obj
                0x080057f8                AHBPrescTable
 .rodata.APBPrescTable
                0x08005808        0x8 CMakeFiles/GDUT_Robot.elf.dir/Src/system_stm32f1xx.c.obj
                0x08005808                APBPrescTable
 .rodata._global_impure_ptr
                0x08005810        0x4 d:/gcc-arm-none-eabi-10-2020-q4-major-win32/gcc-arm-none-eabi-10-2020-q4-major/bin/../lib/gcc/arm-none-eabi/10.2.1/../../../../arm-none-eabi/lib/thumb/v7-m/nofp\libg.a(lib_a-impure.o)
                0x08005810                _global_impure_ptr
                0x08005814                . = ALIGN (0x4)

.rel.dyn        0x08005814        0x0
 .rel.iplt      0x08005814        0x0 d:/gcc-arm-none-eabi-10-2020-q4-major-win32/gcc-arm-none-eabi-10-2020-q4-major/bin/../lib/gcc/arm-none-eabi/10.2.1/thumb/v7-m/nofp/crtbegin.o

.ARM.extab
 *(.ARM.extab* .gnu.linkonce.armextab.*)

.ARM            0x08005814        0x0
                0x08005814                __exidx_start = .
 *(.ARM.exidx*)
                0x08005814                __exidx_end = .

.preinit_array  0x08005814        0x0
                0x08005814                PROVIDE (__preinit_array_start = .)
 *(.preinit_array*)
                0x08005814                PROVIDE (__preinit_array_end = .)

.init_array     0x08005814        0x8
                0x08005814                PROVIDE (__init_array_start = .)
 *(SORT_BY_NAME(.init_array.*))
 .init_array.00000
                0x08005814        0x4 d:/gcc-arm-none-eabi-10-2020-q4-major-win32/gcc-arm-none-eabi-10-2020-q4-major/bin/../lib/gcc/arm-none-eabi/10.2.1/../../../../arm-none-eabi/lib/thumb/v7-m/nofp\libg.a(lib_a-__call_atexit.o)
 *(.init_array*)
 .init_array    0x08005818        0x4 d:/gcc-arm-none-eabi-10-2020-q4-major-win32/gcc-arm-none-eabi-10-2020-q4-major/bin/../lib/gcc/arm-none-eabi/10.2.1/thumb/v7-m/nofp/crtbegin.o
                0x0800581c                PROVIDE (__init_array_end = .)

.fini_array     0x0800581c        0x4
                0x0800581c                PROVIDE (__fini_array_start = .)
 *(SORT_BY_NAME(.fini_array.*))
 *(.fini_array*)
 .fini_array    0x0800581c        0x4 d:/gcc-arm-none-eabi-10-2020-q4-major-win32/gcc-arm-none-eabi-10-2020-q4-major/bin/../lib/gcc/arm-none-eabi/10.2.1/thumb/v7-m/nofp/crtbegin.o
                0x08005820                PROVIDE (__fini_array_end = .)
                0x08005820                _sidata = LOADADDR (.data)

.data           0x20000000      0x8ac load address 0x08005820
                0x20000000                . = ALIGN (0x4)
                0x20000000                _sdata = .
 *(.data)
 *(.data*)
 .data.weight   0x20000000       0x28 CMakeFiles/GDUT_Robot.elf.dir/Bsp/LineFollower.c.obj
                0x20000000                weight
 .data.angle_to_radian
                0x20000028        0x4 CMakeFiles/GDUT_Robot.elf.dir/Bsp/move_control.c.obj
                0x20000028                angle_to_radian
 .data.uwTickFreq
                0x2000002c        0x1 CMakeFiles/GDUT_Robot.elf.dir/Drivers/STM32F1xx_HAL_Driver/Src/stm32f1xx_hal.c.obj
                0x2000002c                uwTickFreq
 *fill*         0x2000002d        0x3 
 .data.uwTickPrio
                0x20000030        0x4 CMakeFiles/GDUT_Robot.elf.dir/Drivers/STM32F1xx_HAL_Driver/Src/stm32f1xx_hal.c.obj
                0x20000030                uwTickPrio
 .data.SystemCoreClock
                0x20000034        0x4 CMakeFiles/GDUT_Robot.elf.dir/Src/system_stm32f1xx.c.obj
                0x20000034                SystemCoreClock
 .data.motor_1  0x20000038       0x18 CMakeFiles/GDUT_Robot.elf.dir/tim/PID_struct.c.obj
                0x20000038                motor_1
 .data.motor_2  0x20000050       0x18 CMakeFiles/GDUT_Robot.elf.dir/tim/PID_struct.c.obj
                0x20000050                motor_2
 .data._impure_ptr
                0x20000068        0x4 d:/gcc-arm-none-eabi-10-2020-q4-major-win32/gcc-arm-none-eabi-10-2020-q4-major/bin/../lib/gcc/arm-none-eabi/10.2.1/../../../../arm-none-eabi/lib/thumb/v7-m/nofp\libg.a(lib_a-impure.o)
                0x20000068                _impure_ptr
 *fill*         0x2000006c        0x4 
 .data.impure_data
                0x20000070      0x428 d:/gcc-arm-none-eabi-10-2020-q4-major-win32/gcc-arm-none-eabi-10-2020-q4-major/bin/../lib/gcc/arm-none-eabi/10.2.1/../../../../arm-none-eabi/lib/thumb/v7-m/nofp\libg.a(lib_a-impure.o)
 .data.__atexit_recursive_mutex
                0x20000498        0x4 d:/gcc-arm-none-eabi-10-2020-q4-major-win32/gcc-arm-none-eabi-10-2020-q4-major/bin/../lib/gcc/arm-none-eabi/10.2.1/../../../../arm-none-eabi/lib/thumb/v7-m/nofp\libg.a(lib_a-__call_atexit.o)
                0x20000498                __atexit_recursive_mutex
 .data.__malloc_av_
                0x2000049c      0x408 d:/gcc-arm-none-eabi-10-2020-q4-major-win32/gcc-arm-none-eabi-10-2020-q4-major/bin/../lib/gcc/arm-none-eabi/10.2.1/../../../../arm-none-eabi/lib/thumb/v7-m/nofp\libg.a(lib_a-mallocr.o)
                0x2000049c                __malloc_av_
 .data.__malloc_sbrk_base
                0x200008a4        0x4 d:/gcc-arm-none-eabi-10-2020-q4-major-win32/gcc-arm-none-eabi-10-2020-q4-major/bin/../lib/gcc/arm-none-eabi/10.2.1/../../../../arm-none-eabi/lib/thumb/v7-m/nofp\libg.a(lib_a-mallocr.o)
                0x200008a4                __malloc_sbrk_base
 .data.__malloc_trim_threshold
                0x200008a8        0x4 d:/gcc-arm-none-eabi-10-2020-q4-major-win32/gcc-arm-none-eabi-10-2020-q4-major/bin/../lib/gcc/arm-none-eabi/10.2.1/../../../../arm-none-eabi/lib/thumb/v7-m/nofp\libg.a(lib_a-mallocr.o)
                0x200008a8                __malloc_trim_threshold
                0x200008ac                . = ALIGN (0x4)
                0x200008ac                _edata = .

.igot.plt       0x200008ac        0x0 load address 0x080060cc
 .igot.plt      0x200008ac        0x0 d:/gcc-arm-none-eabi-10-2020-q4-major-win32/gcc-arm-none-eabi-10-2020-q4-major/bin/../lib/gcc/arm-none-eabi/10.2.1/thumb/v7-m/nofp/crtbegin.o
                0x200008ac                . = ALIGN (0x4)

.bss            0x200008ac      0x51c load address 0x080060cc
                0x200008ac                _sbss = .
                0x200008ac                __bss_start__ = _sbss
 *(.bss)
 .bss           0x200008ac       0x1c d:/gcc-arm-none-eabi-10-2020-q4-major-win32/gcc-arm-none-eabi-10-2020-q4-major/bin/../lib/gcc/arm-none-eabi/10.2.1/thumb/v7-m/nofp/crtbegin.o
 *(.bss*)
 .bss.Line_Struct_N1
                0x200008c8        0xc CMakeFiles/GDUT_Robot.elf.dir/Bsp/LineFollower.c.obj
                0x200008c8                Line_Struct_N1
 .bss.RxBuffer.0
                0x200008d4        0xa CMakeFiles/GDUT_Robot.elf.dir/Bsp/LineFollower.c.obj
 .bss.data_cnt.1
                0x200008de        0x1 CMakeFiles/GDUT_Robot.elf.dir/Bsp/LineFollower.c.obj
 .bss.state.2   0x200008df        0x1 CMakeFiles/GDUT_Robot.elf.dir/Bsp/LineFollower.c.obj
 .bss.Data_set  0x200008e0       0xc7 CMakeFiles/GDUT_Robot.elf.dir/Bsp/imu.c.obj
                0x200008e0                Data_set
 *fill*         0x200009a7        0x1 
 .bss.len       0x200009a8        0x4 CMakeFiles/GDUT_Robot.elf.dir/Bsp/imu.c.obj
                0x200009a8                len
 .bss.uwTick    0x200009ac        0x4 CMakeFiles/GDUT_Robot.elf.dir/Drivers/STM32F1xx_HAL_Driver/Src/stm32f1xx_hal.c.obj
                0x200009ac                uwTick
 .bss.hdma_usart3_rx
                0x200009b0       0x44 CMakeFiles/GDUT_Robot.elf.dir/Src/main.c.obj
                0x200009b0                hdma_usart3_rx
 .bss.hdma_usart3_tx
                0x200009f4       0x44 CMakeFiles/GDUT_Robot.elf.dir/Src/main.c.obj
                0x200009f4                hdma_usart3_tx
 .bss.hi2c1     0x20000a38       0x54 CMakeFiles/GDUT_Robot.elf.dir/Src/main.c.obj
                0x20000a38                hi2c1
 .bss.htim1     0x20000a8c       0x48 CMakeFiles/GDUT_Robot.elf.dir/Src/main.c.obj
                0x20000a8c                htim1
 .bss.htim2     0x20000ad4       0x48 CMakeFiles/GDUT_Robot.elf.dir/Src/main.c.obj
                0x20000ad4                htim2
 .bss.htim3     0x20000b1c       0x48 CMakeFiles/GDUT_Robot.elf.dir/Src/main.c.obj
                0x20000b1c                htim3
 .bss.htim5     0x20000b64       0x48 CMakeFiles/GDUT_Robot.elf.dir/Src/main.c.obj
                0x20000b64                htim5
 .bss.htim6     0x20000bac       0x48 CMakeFiles/GDUT_Robot.elf.dir/Src/main.c.obj
                0x20000bac                htim6
 .bss.htim8     0x20000bf4       0x48 CMakeFiles/GDUT_Robot.elf.dir/Src/main.c.obj
                0x20000bf4                htim8
 .bss.huart2    0x20000c3c       0x40 CMakeFiles/GDUT_Robot.elf.dir/Src/main.c.obj
                0x20000c3c                huart2
 .bss.huart4    0x20000c7c       0x40 CMakeFiles/GDUT_Robot.elf.dir/Src/main.c.obj
                0x20000c7c                huart4
 .bss.husart3   0x20000cbc       0x44 CMakeFiles/GDUT_Robot.elf.dir/Src/main.c.obj
                0x20000cbc                husart3
 .bss.heap_end.0
                0x20000d00        0x4 CMakeFiles/GDUT_Robot.elf.dir/Src/syscalls.c.obj
 .bss.gHuart    0x20000d04        0x4 CMakeFiles/GDUT_Robot.elf.dir/mystdio/retarget.c.obj
                0x20000d04                gHuart
 .bss.Motor_speed
                0x20000d08        0xc CMakeFiles/GDUT_Robot.elf.dir/tim/PID_struct.c.obj
                0x20000d08                Motor_speed
 .bss.line_pid_param
                0x20000d14       0x1c CMakeFiles/GDUT_Robot.elf.dir/tim/PID_struct.c.obj
                0x20000d14                line_pid_param
 .bss.motor_3   0x20000d30       0x18 CMakeFiles/GDUT_Robot.elf.dir/tim/PID_struct.c.obj
                0x20000d30                motor_3
 .bss.motor_4   0x20000d48       0x18 CMakeFiles/GDUT_Robot.elf.dir/tim/PID_struct.c.obj
                0x20000d48                motor_4
 .bss.motor_pid_param
                0x20000d60       0x1c CMakeFiles/GDUT_Robot.elf.dir/tim/PID_struct.c.obj
                0x20000d60                motor_pid_param
 .bss.step      0x20000d7c        0x4 CMakeFiles/GDUT_Robot.elf.dir/tim/tim_it.c.obj
                0x20000d7c                step
 .bss.__lock___atexit_recursive_mutex
                0x20000d80        0x1 d:/gcc-arm-none-eabi-10-2020-q4-major-win32/gcc-arm-none-eabi-10-2020-q4-major/bin/../lib/gcc/arm-none-eabi/10.2.1/../../../../arm-none-eabi/lib/thumb/v7-m/nofp\libg.a(lib_a-lock.o)
                0x20000d80                __lock___atexit_recursive_mutex
 *fill*         0x20000d81        0x3 
 .bss.__lock___malloc_recursive_mutex
                0x20000d84        0x1 d:/gcc-arm-none-eabi-10-2020-q4-major-win32/gcc-arm-none-eabi-10-2020-q4-major/bin/../lib/gcc/arm-none-eabi/10.2.1/../../../../arm-none-eabi/lib/thumb/v7-m/nofp\libg.a(lib_a-lock.o)
                0x20000d84                __lock___malloc_recursive_mutex
 *fill*         0x20000d85        0x3 
 .bss.__lock___sfp_recursive_mutex
                0x20000d88        0x1 d:/gcc-arm-none-eabi-10-2020-q4-major-win32/gcc-arm-none-eabi-10-2020-q4-major/bin/../lib/gcc/arm-none-eabi/10.2.1/../../../../arm-none-eabi/lib/thumb/v7-m/nofp\libg.a(lib_a-lock.o)
                0x20000d88                __lock___sfp_recursive_mutex
 *fill*         0x20000d89        0x3 
 .bss.__lock___sinit_recursive_mutex
                0x20000d8c        0x1 d:/gcc-arm-none-eabi-10-2020-q4-major-win32/gcc-arm-none-eabi-10-2020-q4-major/bin/../lib/gcc/arm-none-eabi/10.2.1/../../../../arm-none-eabi/lib/thumb/v7-m/nofp\libg.a(lib_a-lock.o)
                0x20000d8c                __lock___sinit_recursive_mutex
 *fill*         0x20000d8d        0x3 
 .bss.__malloc_current_mallinfo
                0x20000d90       0x28 d:/gcc-arm-none-eabi-10-2020-q4-major-win32/gcc-arm-none-eabi-10-2020-q4-major/bin/../lib/gcc/arm-none-eabi/10.2.1/../../../../arm-none-eabi/lib/thumb/v7-m/nofp\libg.a(lib_a-mallocr.o)
                0x20000d90                __malloc_current_mallinfo
 .bss.__malloc_max_sbrked_mem
                0x20000db8        0x4 d:/gcc-arm-none-eabi-10-2020-q4-major-win32/gcc-arm-none-eabi-10-2020-q4-major/bin/../lib/gcc/arm-none-eabi/10.2.1/../../../../arm-none-eabi/lib/thumb/v7-m/nofp\libg.a(lib_a-mallocr.o)
                0x20000db8                __malloc_max_sbrked_mem
 .bss.__malloc_max_total_mem
                0x20000dbc        0x4 d:/gcc-arm-none-eabi-10-2020-q4-major-win32/gcc-arm-none-eabi-10-2020-q4-major/bin/../lib/gcc/arm-none-eabi/10.2.1/../../../../arm-none-eabi/lib/thumb/v7-m/nofp\libg.a(lib_a-mallocr.o)
                0x20000dbc                __malloc_max_total_mem
 .bss.__malloc_top_pad
                0x20000dc0        0x4 d:/gcc-arm-none-eabi-10-2020-q4-major-win32/gcc-arm-none-eabi-10-2020-q4-major/bin/../lib/gcc/arm-none-eabi/10.2.1/../../../../arm-none-eabi/lib/thumb/v7-m/nofp\libg.a(lib_a-mallocr.o)
                0x20000dc0                __malloc_top_pad
 .bss.errno     0x20000dc4        0x4 d:/gcc-arm-none-eabi-10-2020-q4-major-win32/gcc-arm-none-eabi-10-2020-q4-major/bin/../lib/gcc/arm-none-eabi/10.2.1/../../../../arm-none-eabi/lib/thumb/v7-m/nofp\libg.a(lib_a-reent.o)
                0x20000dc4                errno
 *(COMMON)
                0x20000dc8                . = ALIGN (0x4)
                0x20000dc8                _ebss = .
                0x20000dc8                __bss_end__ = _ebss

._user_heap_stack
                0x20000dc8      0x600 load address 0x080060cc
                0x20000dc8                . = ALIGN (0x8)
                0x20000dc8                PROVIDE (end = .)
                [!provide]                PROVIDE (_end = .)
                0x20000fc8                . = (. + _Min_Heap_Size)
 *fill*         0x20000dc8      0x200 
                0x200013c8                . = (. + _Min_Stack_Size)
 *fill*         0x20000fc8      0x400 
                0x200013c8                . = ALIGN (0x8)

/DISCARD/
 libc.a(*)
 libm.a(*)
 libgcc.a(*)

.ARM.attributes
                0x00000000       0x29
 *(.ARM.attributes)
 .ARM.attributes
                0x00000000       0x1d d:/gcc-arm-none-eabi-10-2020-q4-major-win32/gcc-arm-none-eabi-10-2020-q4-major/bin/../lib/gcc/arm-none-eabi/10.2.1/thumb/v7-m/nofp/crti.o
 .ARM.attributes
                0x0000001d       0x2d d:/gcc-arm-none-eabi-10-2020-q4-major-win32/gcc-arm-none-eabi-10-2020-q4-major/bin/../lib/gcc/arm-none-eabi/10.2.1/thumb/v7-m/nofp/crtbegin.o
 .ARM.attributes
                0x0000004a       0x2d CMakeFiles/GDUT_Robot.elf.dir/Bsp/LineFollower.c.obj
 .ARM.attributes
                0x00000077       0x2d CMakeFiles/GDUT_Robot.elf.dir/Bsp/imu.c.obj
 .ARM.attributes
                0x000000a4       0x2d CMakeFiles/GDUT_Robot.elf.dir/Bsp/motor.c.obj
 .ARM.attributes
                0x000000d1       0x2d CMakeFiles/GDUT_Robot.elf.dir/Bsp/move_control.c.obj
 .ARM.attributes
                0x000000fe       0x2d CMakeFiles/GDUT_Robot.elf.dir/Drivers/STM32F1xx_HAL_Driver/Src/stm32f1xx_hal.c.obj
 .ARM.attributes
                0x0000012b       0x2d CMakeFiles/GDUT_Robot.elf.dir/Drivers/STM32F1xx_HAL_Driver/Src/stm32f1xx_hal_cortex.c.obj
 .ARM.attributes
                0x00000158       0x2d CMakeFiles/GDUT_Robot.elf.dir/Drivers/STM32F1xx_HAL_Driver/Src/stm32f1xx_hal_dma.c.obj
 .ARM.attributes
                0x00000185       0x2d CMakeFiles/GDUT_Robot.elf.dir/Drivers/STM32F1xx_HAL_Driver/Src/stm32f1xx_hal_gpio.c.obj
 .ARM.attributes
                0x000001b2       0x2d CMakeFiles/GDUT_Robot.elf.dir/Drivers/STM32F1xx_HAL_Driver/Src/stm32f1xx_hal_i2c.c.obj
 .ARM.attributes
                0x000001df       0x2d CMakeFiles/GDUT_Robot.elf.dir/Drivers/STM32F1xx_HAL_Driver/Src/stm32f1xx_hal_rcc.c.obj
 .ARM.attributes
                0x0000020c       0x2d CMakeFiles/GDUT_Robot.elf.dir/Drivers/STM32F1xx_HAL_Driver/Src/stm32f1xx_hal_tim.c.obj
 .ARM.attributes
                0x00000239       0x2d CMakeFiles/GDUT_Robot.elf.dir/Drivers/STM32F1xx_HAL_Driver/Src/stm32f1xx_hal_tim_ex.c.obj
 .ARM.attributes
                0x00000266       0x2d CMakeFiles/GDUT_Robot.elf.dir/Drivers/STM32F1xx_HAL_Driver/Src/stm32f1xx_hal_uart.c.obj
 .ARM.attributes
                0x00000293       0x2d CMakeFiles/GDUT_Robot.elf.dir/Drivers/STM32F1xx_HAL_Driver/Src/stm32f1xx_hal_usart.c.obj
 .ARM.attributes
                0x000002c0       0x2d CMakeFiles/GDUT_Robot.elf.dir/Src/main.c.obj
 .ARM.attributes
                0x000002ed       0x2d CMakeFiles/GDUT_Robot.elf.dir/Src/stm32f1xx_hal_msp.c.obj
 .ARM.attributes
                0x0000031a       0x2d CMakeFiles/GDUT_Robot.elf.dir/Src/stm32f1xx_it.c.obj
 .ARM.attributes
                0x00000347       0x2d CMakeFiles/GDUT_Robot.elf.dir/Src/syscalls.c.obj
 .ARM.attributes
                0x00000374       0x2d CMakeFiles/GDUT_Robot.elf.dir/Src/system_stm32f1xx.c.obj
 .ARM.attributes
                0x000003a1       0x2d CMakeFiles/GDUT_Robot.elf.dir/mystdio/retarget.c.obj
 .ARM.attributes
                0x000003ce       0x21 CMakeFiles/GDUT_Robot.elf.dir/startup/startup_stm32f103xe.s.obj
 .ARM.attributes
                0x000003ef       0x2d CMakeFiles/GDUT_Robot.elf.dir/tim/PID_struct.c.obj
 .ARM.attributes
                0x0000041c       0x2d CMakeFiles/GDUT_Robot.elf.dir/tim/tim_it.c.obj
 .ARM.attributes
                0x00000449       0x1d d:/gcc-arm-none-eabi-10-2020-q4-major-win32/gcc-arm-none-eabi-10-2020-q4-major/bin/../lib/gcc/arm-none-eabi/10.2.1/thumb/v7-m/nofp\libgcc.a(_arm_muldf3.o)
 .ARM.attributes
                0x00000466       0x1d d:/gcc-arm-none-eabi-10-2020-q4-major-win32/gcc-arm-none-eabi-10-2020-q4-major/bin/../lib/gcc/arm-none-eabi/10.2.1/thumb/v7-m/nofp\libgcc.a(_arm_addsubdf3.o)
 .ARM.attributes
                0x00000483       0x1d d:/gcc-arm-none-eabi-10-2020-q4-major-win32/gcc-arm-none-eabi-10-2020-q4-major/bin/../lib/gcc/arm-none-eabi/10.2.1/thumb/v7-m/nofp\libgcc.a(_arm_cmpdf2.o)
 .ARM.attributes
                0x000004a0       0x1d d:/gcc-arm-none-eabi-10-2020-q4-major-win32/gcc-arm-none-eabi-10-2020-q4-major/bin/../lib/gcc/arm-none-eabi/10.2.1/thumb/v7-m/nofp\libgcc.a(_arm_fixdfsi.o)
 .ARM.attributes
                0x000004bd       0x1d d:/gcc-arm-none-eabi-10-2020-q4-major-win32/gcc-arm-none-eabi-10-2020-q4-major/bin/../lib/gcc/arm-none-eabi/10.2.1/thumb/v7-m/nofp\libgcc.a(_arm_addsubsf3.o)
 .ARM.attributes
                0x000004da       0x1d d:/gcc-arm-none-eabi-10-2020-q4-major-win32/gcc-arm-none-eabi-10-2020-q4-major/bin/../lib/gcc/arm-none-eabi/10.2.1/thumb/v7-m/nofp\libgcc.a(_arm_muldivsf3.o)
 .ARM.attributes
                0x000004f7       0x1d d:/gcc-arm-none-eabi-10-2020-q4-major-win32/gcc-arm-none-eabi-10-2020-q4-major/bin/../lib/gcc/arm-none-eabi/10.2.1/thumb/v7-m/nofp\libgcc.a(_arm_cmpsf2.o)
 .ARM.attributes
                0x00000514       0x1d d:/gcc-arm-none-eabi-10-2020-q4-major-win32/gcc-arm-none-eabi-10-2020-q4-major/bin/../lib/gcc/arm-none-eabi/10.2.1/thumb/v7-m/nofp\libgcc.a(_arm_fixsfsi.o)
 .ARM.attributes
                0x00000531       0x2d d:/gcc-arm-none-eabi-10-2020-q4-major-win32/gcc-arm-none-eabi-10-2020-q4-major/bin/../lib/gcc/arm-none-eabi/10.2.1/../../../../arm-none-eabi/lib/thumb/v7-m/nofp\libg.a(lib_a-errno.o)
 .ARM.attributes
                0x0000055e       0x2d d:/gcc-arm-none-eabi-10-2020-q4-major-win32/gcc-arm-none-eabi-10-2020-q4-major/bin/../lib/gcc/arm-none-eabi/10.2.1/../../../../arm-none-eabi/lib/thumb/v7-m/nofp\libg.a(lib_a-impure.o)
 .ARM.attributes
                0x0000058b       0x2d d:/gcc-arm-none-eabi-10-2020-q4-major-win32/gcc-arm-none-eabi-10-2020-q4-major/bin/../lib/gcc/arm-none-eabi/10.2.1/../../../../arm-none-eabi/lib/thumb/v7-m/nofp\libg.a(lib_a-init.o)
 .ARM.attributes
                0x000005b8       0x2d d:/gcc-arm-none-eabi-10-2020-q4-major-win32/gcc-arm-none-eabi-10-2020-q4-major/bin/../lib/gcc/arm-none-eabi/10.2.1/../../../../arm-none-eabi/lib/thumb/v7-m/nofp\libg.a(lib_a-memset.o)
 .ARM.attributes
                0x000005e5       0x2d d:/gcc-arm-none-eabi-10-2020-q4-major-win32/gcc-arm-none-eabi-10-2020-q4-major/bin/../lib/gcc/arm-none-eabi/10.2.1/../../../../arm-none-eabi/lib/thumb/v7-m/nofp\libg.a(lib_a-setvbuf.o)
 .ARM.attributes
                0x00000612       0x2d d:/gcc-arm-none-eabi-10-2020-q4-major-win32/gcc-arm-none-eabi-10-2020-q4-major/bin/../lib/gcc/arm-none-eabi/10.2.1/../../../../arm-none-eabi/lib/thumb/v7-m/nofp\libg.a(lib_a-__call_atexit.o)
 .ARM.attributes
                0x0000063f       0x2d d:/gcc-arm-none-eabi-10-2020-q4-major-win32/gcc-arm-none-eabi-10-2020-q4-major/bin/../lib/gcc/arm-none-eabi/10.2.1/../../../../arm-none-eabi/lib/thumb/v7-m/nofp\libg.a(lib_a-atexit.o)
 .ARM.attributes
                0x0000066c       0x2d d:/gcc-arm-none-eabi-10-2020-q4-major-win32/gcc-arm-none-eabi-10-2020-q4-major/bin/../lib/gcc/arm-none-eabi/10.2.1/../../../../arm-none-eabi/lib/thumb/v7-m/nofp\libg.a(lib_a-fflush.o)
 .ARM.attributes
                0x00000699       0x2d d:/gcc-arm-none-eabi-10-2020-q4-major-win32/gcc-arm-none-eabi-10-2020-q4-major/bin/../lib/gcc/arm-none-eabi/10.2.1/../../../../arm-none-eabi/lib/thumb/v7-m/nofp\libg.a(lib_a-findfp.o)
 .ARM.attributes
                0x000006c6       0x2d d:/gcc-arm-none-eabi-10-2020-q4-major-win32/gcc-arm-none-eabi-10-2020-q4-major/bin/../lib/gcc/arm-none-eabi/10.2.1/../../../../arm-none-eabi/lib/thumb/v7-m/nofp\libg.a(lib_a-fini.o)
 .ARM.attributes
                0x000006f3       0x2d d:/gcc-arm-none-eabi-10-2020-q4-major-win32/gcc-arm-none-eabi-10-2020-q4-major/bin/../lib/gcc/arm-none-eabi/10.2.1/../../../../arm-none-eabi/lib/thumb/v7-m/nofp\libg.a(lib_a-freer.o)
 .ARM.attributes
                0x00000720       0x2d d:/gcc-arm-none-eabi-10-2020-q4-major-win32/gcc-arm-none-eabi-10-2020-q4-major/bin/../lib/gcc/arm-none-eabi/10.2.1/../../../../arm-none-eabi/lib/thumb/v7-m/nofp\libg.a(lib_a-fwalk.o)
 .ARM.attributes
                0x0000074d       0x2d d:/gcc-arm-none-eabi-10-2020-q4-major-win32/gcc-arm-none-eabi-10-2020-q4-major/bin/../lib/gcc/arm-none-eabi/10.2.1/../../../../arm-none-eabi/lib/thumb/v7-m/nofp\libg.a(lib_a-lock.o)
 .ARM.attributes
                0x0000077a       0x2d d:/gcc-arm-none-eabi-10-2020-q4-major-win32/gcc-arm-none-eabi-10-2020-q4-major/bin/../lib/gcc/arm-none-eabi/10.2.1/../../../../arm-none-eabi/lib/thumb/v7-m/nofp\libg.a(lib_a-makebuf.o)
 .ARM.attributes
                0x000007a7       0x2d d:/gcc-arm-none-eabi-10-2020-q4-major-win32/gcc-arm-none-eabi-10-2020-q4-major/bin/../lib/gcc/arm-none-eabi/10.2.1/../../../../arm-none-eabi/lib/thumb/v7-m/nofp\libg.a(lib_a-malloc.o)
 .ARM.attributes
                0x000007d4       0x2d d:/gcc-arm-none-eabi-10-2020-q4-major-win32/gcc-arm-none-eabi-10-2020-q4-major/bin/../lib/gcc/arm-none-eabi/10.2.1/../../../../arm-none-eabi/lib/thumb/v7-m/nofp\libg.a(lib_a-mallocr.o)
 .ARM.attributes
                0x00000801       0x2d d:/gcc-arm-none-eabi-10-2020-q4-major-win32/gcc-arm-none-eabi-10-2020-q4-major/bin/../lib/gcc/arm-none-eabi/10.2.1/../../../../arm-none-eabi/lib/thumb/v7-m/nofp\libg.a(lib_a-mlock.o)
 .ARM.attributes
                0x0000082e       0x2d d:/gcc-arm-none-eabi-10-2020-q4-major-win32/gcc-arm-none-eabi-10-2020-q4-major/bin/../lib/gcc/arm-none-eabi/10.2.1/../../../../arm-none-eabi/lib/thumb/v7-m/nofp\libg.a(lib_a-sbrkr.o)
 .ARM.attributes
                0x0000085b       0x2d d:/gcc-arm-none-eabi-10-2020-q4-major-win32/gcc-arm-none-eabi-10-2020-q4-major/bin/../lib/gcc/arm-none-eabi/10.2.1/../../../../arm-none-eabi/lib/thumb/v7-m/nofp\libg.a(lib_a-stdio.o)
 .ARM.attributes
                0x00000888       0x2d d:/gcc-arm-none-eabi-10-2020-q4-major-win32/gcc-arm-none-eabi-10-2020-q4-major/bin/../lib/gcc/arm-none-eabi/10.2.1/../../../../arm-none-eabi/lib/thumb/v7-m/nofp\libg.a(lib_a-writer.o)
 .ARM.attributes
                0x000008b5       0x2d d:/gcc-arm-none-eabi-10-2020-q4-major-win32/gcc-arm-none-eabi-10-2020-q4-major/bin/../lib/gcc/arm-none-eabi/10.2.1/../../../../arm-none-eabi/lib/thumb/v7-m/nofp\libg.a(lib_a-__atexit.o)
 .ARM.attributes
                0x000008e2       0x2d d:/gcc-arm-none-eabi-10-2020-q4-major-win32/gcc-arm-none-eabi-10-2020-q4-major/bin/../lib/gcc/arm-none-eabi/10.2.1/../../../../arm-none-eabi/lib/thumb/v7-m/nofp\libg.a(lib_a-closer.o)
 .ARM.attributes
                0x0000090f       0x2d d:/gcc-arm-none-eabi-10-2020-q4-major-win32/gcc-arm-none-eabi-10-2020-q4-major/bin/../lib/gcc/arm-none-eabi/10.2.1/../../../../arm-none-eabi/lib/thumb/v7-m/nofp\libg.a(lib_a-fclose.o)
 .ARM.attributes
                0x0000093c       0x2d d:/gcc-arm-none-eabi-10-2020-q4-major-win32/gcc-arm-none-eabi-10-2020-q4-major/bin/../lib/gcc/arm-none-eabi/10.2.1/../../../../arm-none-eabi/lib/thumb/v7-m/nofp\libg.a(lib_a-fstatr.o)
 .ARM.attributes
                0x00000969       0x2d d:/gcc-arm-none-eabi-10-2020-q4-major-win32/gcc-arm-none-eabi-10-2020-q4-major/bin/../lib/gcc/arm-none-eabi/10.2.1/../../../../arm-none-eabi/lib/thumb/v7-m/nofp\libg.a(lib_a-lseekr.o)
 .ARM.attributes
                0x00000996       0x2d d:/gcc-arm-none-eabi-10-2020-q4-major-win32/gcc-arm-none-eabi-10-2020-q4-major/bin/../lib/gcc/arm-none-eabi/10.2.1/../../../../arm-none-eabi/lib/thumb/v7-m/nofp\libg.a(lib_a-readr.o)
 .ARM.attributes
                0x000009c3       0x2d d:/gcc-arm-none-eabi-10-2020-q4-major-win32/gcc-arm-none-eabi-10-2020-q4-major/bin/../lib/gcc/arm-none-eabi/10.2.1/../../../../arm-none-eabi/lib/thumb/v7-m/nofp\libg.a(lib_a-reent.o)
 .ARM.attributes
                0x000009f0       0x1d d:/gcc-arm-none-eabi-10-2020-q4-major-win32/gcc-arm-none-eabi-10-2020-q4-major/bin/../lib/gcc/arm-none-eabi/10.2.1/thumb/v7-m/nofp/crtn.o
OUTPUT(GDUT_Robot.elf elf32-littlearm)
LOAD linker stubs
LOAD d:/gcc-arm-none-eabi-10-2020-q4-major-win32/gcc-arm-none-eabi-10-2020-q4-major/bin/../lib/gcc/arm-none-eabi/10.2.1/../../../../arm-none-eabi/lib/thumb/v7-m/nofp\libc.a
LOAD d:/gcc-arm-none-eabi-10-2020-q4-major-win32/gcc-arm-none-eabi-10-2020-q4-major/bin/../lib/gcc/arm-none-eabi/10.2.1/../../../../arm-none-eabi/lib/thumb/v7-m/nofp\libm.a
LOAD d:/gcc-arm-none-eabi-10-2020-q4-major-win32/gcc-arm-none-eabi-10-2020-q4-major/bin/../lib/gcc/arm-none-eabi/10.2.1/thumb/v7-m/nofp\libgcc.a

.debug_info     0x00000000    0x1775b
 .debug_info    0x00000000      0x9fd CMakeFiles/GDUT_Robot.elf.dir/Bsp/LineFollower.c.obj
 .debug_info    0x000009fd      0x765 CMakeFiles/GDUT_Robot.elf.dir/Bsp/imu.c.obj
 .debug_info    0x00001162      0x9e3 CMakeFiles/GDUT_Robot.elf.dir/Bsp/motor.c.obj
 .debug_info    0x00001b45      0x6d6 CMakeFiles/GDUT_Robot.elf.dir/Bsp/move_control.c.obj
 .debug_info    0x0000221b      0x80e CMakeFiles/GDUT_Robot.elf.dir/Drivers/STM32F1xx_HAL_Driver/Src/stm32f1xx_hal.c.obj
 .debug_info    0x00002a29      0xdf0 CMakeFiles/GDUT_Robot.elf.dir/Drivers/STM32F1xx_HAL_Driver/Src/stm32f1xx_hal_cortex.c.obj
 .debug_info    0x00003819      0x846 CMakeFiles/GDUT_Robot.elf.dir/Drivers/STM32F1xx_HAL_Driver/Src/stm32f1xx_hal_dma.c.obj
 .debug_info    0x0000405f      0x66f CMakeFiles/GDUT_Robot.elf.dir/Drivers/STM32F1xx_HAL_Driver/Src/stm32f1xx_hal_gpio.c.obj
 .debug_info    0x000046ce     0x3a38 CMakeFiles/GDUT_Robot.elf.dir/Drivers/STM32F1xx_HAL_Driver/Src/stm32f1xx_hal_i2c.c.obj
 .debug_info    0x00008106      0xa36 CMakeFiles/GDUT_Robot.elf.dir/Drivers/STM32F1xx_HAL_Driver/Src/stm32f1xx_hal_rcc.c.obj
 .debug_info    0x00008b3c     0x3abe CMakeFiles/GDUT_Robot.elf.dir/Drivers/STM32F1xx_HAL_Driver/Src/stm32f1xx_hal_tim.c.obj
 .debug_info    0x0000c5fa     0x19a1 CMakeFiles/GDUT_Robot.elf.dir/Drivers/STM32F1xx_HAL_Driver/Src/stm32f1xx_hal_tim_ex.c.obj
 .debug_info    0x0000df9b     0x1845 CMakeFiles/GDUT_Robot.elf.dir/Drivers/STM32F1xx_HAL_Driver/Src/stm32f1xx_hal_uart.c.obj
 .debug_info    0x0000f7e0     0x176c CMakeFiles/GDUT_Robot.elf.dir/Drivers/STM32F1xx_HAL_Driver/Src/stm32f1xx_hal_usart.c.obj
 .debug_info    0x00010f4c     0x1b49 CMakeFiles/GDUT_Robot.elf.dir/Src/main.c.obj
 .debug_info    0x00012a95     0x18eb CMakeFiles/GDUT_Robot.elf.dir/Src/stm32f1xx_hal_msp.c.obj
 .debug_info    0x00014380      0xbad CMakeFiles/GDUT_Robot.elf.dir/Src/stm32f1xx_it.c.obj
 .debug_info    0x00014f2d      0x750 CMakeFiles/GDUT_Robot.elf.dir/Src/syscalls.c.obj
 .debug_info    0x0001567d      0x248 CMakeFiles/GDUT_Robot.elf.dir/Src/system_stm32f1xx.c.obj
 .debug_info    0x000158c5     0x1289 CMakeFiles/GDUT_Robot.elf.dir/mystdio/retarget.c.obj
 .debug_info    0x00016b4e       0x22 CMakeFiles/GDUT_Robot.elf.dir/startup/startup_stm32f103xe.s.obj
 .debug_info    0x00016b70      0x536 CMakeFiles/GDUT_Robot.elf.dir/tim/PID_struct.c.obj
 .debug_info    0x000170a6      0x6b5 CMakeFiles/GDUT_Robot.elf.dir/tim/tim_it.c.obj

.debug_abbrev   0x00000000     0x2e75
 .debug_abbrev  0x00000000      0x26f CMakeFiles/GDUT_Robot.elf.dir/Bsp/LineFollower.c.obj
 .debug_abbrev  0x0000026f      0x24b CMakeFiles/GDUT_Robot.elf.dir/Bsp/imu.c.obj
 .debug_abbrev  0x000004ba      0x1f7 CMakeFiles/GDUT_Robot.elf.dir/Bsp/motor.c.obj
 .debug_abbrev  0x000006b1      0x185 CMakeFiles/GDUT_Robot.elf.dir/Bsp/move_control.c.obj
 .debug_abbrev  0x00000836      0x1f4 CMakeFiles/GDUT_Robot.elf.dir/Drivers/STM32F1xx_HAL_Driver/Src/stm32f1xx_hal.c.obj
 .debug_abbrev  0x00000a2a      0x341 CMakeFiles/GDUT_Robot.elf.dir/Drivers/STM32F1xx_HAL_Driver/Src/stm32f1xx_hal_cortex.c.obj
 .debug_abbrev  0x00000d6b      0x223 CMakeFiles/GDUT_Robot.elf.dir/Drivers/STM32F1xx_HAL_Driver/Src/stm32f1xx_hal_dma.c.obj
 .debug_abbrev  0x00000f8e      0x1e6 CMakeFiles/GDUT_Robot.elf.dir/Drivers/STM32F1xx_HAL_Driver/Src/stm32f1xx_hal_gpio.c.obj
 .debug_abbrev  0x00001174      0x293 CMakeFiles/GDUT_Robot.elf.dir/Drivers/STM32F1xx_HAL_Driver/Src/stm32f1xx_hal_i2c.c.obj
 .debug_abbrev  0x00001407      0x27a CMakeFiles/GDUT_Robot.elf.dir/Drivers/STM32F1xx_HAL_Driver/Src/stm32f1xx_hal_rcc.c.obj
 .debug_abbrev  0x00001681      0x23e CMakeFiles/GDUT_Robot.elf.dir/Drivers/STM32F1xx_HAL_Driver/Src/stm32f1xx_hal_tim.c.obj
 .debug_abbrev  0x000018bf      0x241 CMakeFiles/GDUT_Robot.elf.dir/Drivers/STM32F1xx_HAL_Driver/Src/stm32f1xx_hal_tim_ex.c.obj
 .debug_abbrev  0x00001b00      0x254 CMakeFiles/GDUT_Robot.elf.dir/Drivers/STM32F1xx_HAL_Driver/Src/stm32f1xx_hal_uart.c.obj
 .debug_abbrev  0x00001d54      0x22d CMakeFiles/GDUT_Robot.elf.dir/Drivers/STM32F1xx_HAL_Driver/Src/stm32f1xx_hal_usart.c.obj
 .debug_abbrev  0x00001f81      0x265 CMakeFiles/GDUT_Robot.elf.dir/Src/main.c.obj
 .debug_abbrev  0x000021e6      0x23e CMakeFiles/GDUT_Robot.elf.dir/Src/stm32f1xx_hal_msp.c.obj
 .debug_abbrev  0x00002424      0x195 CMakeFiles/GDUT_Robot.elf.dir/Src/stm32f1xx_it.c.obj
 .debug_abbrev  0x000025b9      0x1da CMakeFiles/GDUT_Robot.elf.dir/Src/syscalls.c.obj
 .debug_abbrev  0x00002793      0x13e CMakeFiles/GDUT_Robot.elf.dir/Src/system_stm32f1xx.c.obj
 .debug_abbrev  0x000028d1      0x2b4 CMakeFiles/GDUT_Robot.elf.dir/mystdio/retarget.c.obj
 .debug_abbrev  0x00002b85       0x12 CMakeFiles/GDUT_Robot.elf.dir/startup/startup_stm32f103xe.s.obj
 .debug_abbrev  0x00002b97      0x143 CMakeFiles/GDUT_Robot.elf.dir/tim/PID_struct.c.obj
 .debug_abbrev  0x00002cda      0x19b CMakeFiles/GDUT_Robot.elf.dir/tim/tim_it.c.obj

.debug_loc      0x00000000    0x10138
 .debug_loc     0x00000000      0x1fb CMakeFiles/GDUT_Robot.elf.dir/Bsp/LineFollower.c.obj
 .debug_loc     0x000001fb       0x57 CMakeFiles/GDUT_Robot.elf.dir/Bsp/imu.c.obj
 .debug_loc     0x00000252       0x97 CMakeFiles/GDUT_Robot.elf.dir/Bsp/motor.c.obj
 .debug_loc     0x000002e9      0x430 CMakeFiles/GDUT_Robot.elf.dir/Bsp/move_control.c.obj
 .debug_loc     0x00000719      0x141 CMakeFiles/GDUT_Robot.elf.dir/Drivers/STM32F1xx_HAL_Driver/Src/stm32f1xx_hal.c.obj
 .debug_loc     0x0000085a      0x71f CMakeFiles/GDUT_Robot.elf.dir/Drivers/STM32F1xx_HAL_Driver/Src/stm32f1xx_hal_cortex.c.obj
 .debug_loc     0x00000f79      0x7ce CMakeFiles/GDUT_Robot.elf.dir/Drivers/STM32F1xx_HAL_Driver/Src/stm32f1xx_hal_dma.c.obj
 .debug_loc     0x00001747      0x47d CMakeFiles/GDUT_Robot.elf.dir/Drivers/STM32F1xx_HAL_Driver/Src/stm32f1xx_hal_gpio.c.obj
 .debug_loc     0x00001bc4     0x3f8e CMakeFiles/GDUT_Robot.elf.dir/Drivers/STM32F1xx_HAL_Driver/Src/stm32f1xx_hal_i2c.c.obj
 .debug_loc     0x00005b52      0x63e CMakeFiles/GDUT_Robot.elf.dir/Drivers/STM32F1xx_HAL_Driver/Src/stm32f1xx_hal_rcc.c.obj
 .debug_loc     0x00006190     0x47fa CMakeFiles/GDUT_Robot.elf.dir/Drivers/STM32F1xx_HAL_Driver/Src/stm32f1xx_hal_tim.c.obj
 .debug_loc     0x0000a98a     0x1aa2 CMakeFiles/GDUT_Robot.elf.dir/Drivers/STM32F1xx_HAL_Driver/Src/stm32f1xx_hal_tim_ex.c.obj
 .debug_loc     0x0000c42c     0x1951 CMakeFiles/GDUT_Robot.elf.dir/Drivers/STM32F1xx_HAL_Driver/Src/stm32f1xx_hal_uart.c.obj
 .debug_loc     0x0000dd7d     0x15ac CMakeFiles/GDUT_Robot.elf.dir/Drivers/STM32F1xx_HAL_Driver/Src/stm32f1xx_hal_usart.c.obj
 .debug_loc     0x0000f329      0x3b8 CMakeFiles/GDUT_Robot.elf.dir/Src/stm32f1xx_hal_msp.c.obj
 .debug_loc     0x0000f6e1      0x3a2 CMakeFiles/GDUT_Robot.elf.dir/Src/syscalls.c.obj
 .debug_loc     0x0000fa83       0xff CMakeFiles/GDUT_Robot.elf.dir/Src/system_stm32f1xx.c.obj
 .debug_loc     0x0000fb82      0x389 CMakeFiles/GDUT_Robot.elf.dir/mystdio/retarget.c.obj
 .debug_loc     0x0000ff0b      0x1eb CMakeFiles/GDUT_Robot.elf.dir/tim/PID_struct.c.obj
 .debug_loc     0x000100f6       0x42 CMakeFiles/GDUT_Robot.elf.dir/tim/tim_it.c.obj

.debug_aranges  0x00000000     0x1218
 .debug_aranges
                0x00000000       0x48 CMakeFiles/GDUT_Robot.elf.dir/Bsp/LineFollower.c.obj
 .debug_aranges
                0x00000048       0x30 CMakeFiles/GDUT_Robot.elf.dir/Bsp/imu.c.obj
 .debug_aranges
                0x00000078       0x40 CMakeFiles/GDUT_Robot.elf.dir/Bsp/motor.c.obj
 .debug_aranges
                0x000000b8       0x58 CMakeFiles/GDUT_Robot.elf.dir/Bsp/move_control.c.obj
 .debug_aranges
                0x00000110       0xe0 CMakeFiles/GDUT_Robot.elf.dir/Drivers/STM32F1xx_HAL_Driver/Src/stm32f1xx_hal.c.obj
 .debug_aranges
                0x000001f0       0x90 CMakeFiles/GDUT_Robot.elf.dir/Drivers/STM32F1xx_HAL_Driver/Src/stm32f1xx_hal_cortex.c.obj
 .debug_aranges
                0x00000280       0x80 CMakeFiles/GDUT_Robot.elf.dir/Drivers/STM32F1xx_HAL_Driver/Src/stm32f1xx_hal_dma.c.obj
 .debug_aranges
                0x00000300       0x58 CMakeFiles/GDUT_Robot.elf.dir/Drivers/STM32F1xx_HAL_Driver/Src/stm32f1xx_hal_gpio.c.obj
 .debug_aranges
                0x00000358      0x2a0 CMakeFiles/GDUT_Robot.elf.dir/Drivers/STM32F1xx_HAL_Driver/Src/stm32f1xx_hal_i2c.c.obj
 .debug_aranges
                0x000005f8       0x90 CMakeFiles/GDUT_Robot.elf.dir/Drivers/STM32F1xx_HAL_Driver/Src/stm32f1xx_hal_rcc.c.obj
 .debug_aranges
                0x00000688      0x3d0 CMakeFiles/GDUT_Robot.elf.dir/Drivers/STM32F1xx_HAL_Driver/Src/stm32f1xx_hal_tim.c.obj
 .debug_aranges
                0x00000a58      0x168 CMakeFiles/GDUT_Robot.elf.dir/Drivers/STM32F1xx_HAL_Driver/Src/stm32f1xx_hal_tim_ex.c.obj
 .debug_aranges
                0x00000bc0      0x1d0 CMakeFiles/GDUT_Robot.elf.dir/Drivers/STM32F1xx_HAL_Driver/Src/stm32f1xx_hal_uart.c.obj
 .debug_aranges
                0x00000d90      0x178 CMakeFiles/GDUT_Robot.elf.dir/Drivers/STM32F1xx_HAL_Driver/Src/stm32f1xx_hal_usart.c.obj
 .debug_aranges
                0x00000f08       0x90 CMakeFiles/GDUT_Robot.elf.dir/Src/main.c.obj
 .debug_aranges
                0x00000f98       0x78 CMakeFiles/GDUT_Robot.elf.dir/Src/stm32f1xx_hal_msp.c.obj
 .debug_aranges
                0x00001010       0x88 CMakeFiles/GDUT_Robot.elf.dir/Src/stm32f1xx_it.c.obj
 .debug_aranges
                0x00001098       0x90 CMakeFiles/GDUT_Robot.elf.dir/Src/syscalls.c.obj
 .debug_aranges
                0x00001128       0x28 CMakeFiles/GDUT_Robot.elf.dir/Src/system_stm32f1xx.c.obj
 .debug_aranges
                0x00001150       0x50 CMakeFiles/GDUT_Robot.elf.dir/mystdio/retarget.c.obj
 .debug_aranges
                0x000011a0       0x28 CMakeFiles/GDUT_Robot.elf.dir/startup/startup_stm32f103xe.s.obj
 .debug_aranges
                0x000011c8       0x30 CMakeFiles/GDUT_Robot.elf.dir/tim/PID_struct.c.obj
 .debug_aranges
                0x000011f8       0x20 CMakeFiles/GDUT_Robot.elf.dir/tim/tim_it.c.obj

.debug_ranges   0x00000000     0x1148
 .debug_ranges  0x00000000       0x38 CMakeFiles/GDUT_Robot.elf.dir/Bsp/LineFollower.c.obj
 .debug_ranges  0x00000038       0x20 CMakeFiles/GDUT_Robot.elf.dir/Bsp/imu.c.obj
 .debug_ranges  0x00000058       0x30 CMakeFiles/GDUT_Robot.elf.dir/Bsp/motor.c.obj
 .debug_ranges  0x00000088       0x48 CMakeFiles/GDUT_Robot.elf.dir/Bsp/move_control.c.obj
 .debug_ranges  0x000000d0       0xd0 CMakeFiles/GDUT_Robot.elf.dir/Drivers/STM32F1xx_HAL_Driver/Src/stm32f1xx_hal.c.obj
 .debug_ranges  0x000001a0       0xe0 CMakeFiles/GDUT_Robot.elf.dir/Drivers/STM32F1xx_HAL_Driver/Src/stm32f1xx_hal_cortex.c.obj
 .debug_ranges  0x00000280       0x70 CMakeFiles/GDUT_Robot.elf.dir/Drivers/STM32F1xx_HAL_Driver/Src/stm32f1xx_hal_dma.c.obj
 .debug_ranges  0x000002f0       0x48 CMakeFiles/GDUT_Robot.elf.dir/Drivers/STM32F1xx_HAL_Driver/Src/stm32f1xx_hal_gpio.c.obj
 .debug_ranges  0x00000338      0x2a8 CMakeFiles/GDUT_Robot.elf.dir/Drivers/STM32F1xx_HAL_Driver/Src/stm32f1xx_hal_i2c.c.obj
 .debug_ranges  0x000005e0       0xa0 CMakeFiles/GDUT_Robot.elf.dir/Drivers/STM32F1xx_HAL_Driver/Src/stm32f1xx_hal_rcc.c.obj
 .debug_ranges  0x00000680      0x3c0 CMakeFiles/GDUT_Robot.elf.dir/Drivers/STM32F1xx_HAL_Driver/Src/stm32f1xx_hal_tim.c.obj
 .debug_ranges  0x00000a40      0x158 CMakeFiles/GDUT_Robot.elf.dir/Drivers/STM32F1xx_HAL_Driver/Src/stm32f1xx_hal_tim_ex.c.obj
 .debug_ranges  0x00000b98      0x1c0 CMakeFiles/GDUT_Robot.elf.dir/Drivers/STM32F1xx_HAL_Driver/Src/stm32f1xx_hal_uart.c.obj
 .debug_ranges  0x00000d58      0x168 CMakeFiles/GDUT_Robot.elf.dir/Drivers/STM32F1xx_HAL_Driver/Src/stm32f1xx_hal_usart.c.obj
 .debug_ranges  0x00000ec0       0x80 CMakeFiles/GDUT_Robot.elf.dir/Src/main.c.obj
 .debug_ranges  0x00000f40       0x68 CMakeFiles/GDUT_Robot.elf.dir/Src/stm32f1xx_hal_msp.c.obj
 .debug_ranges  0x00000fa8       0x78 CMakeFiles/GDUT_Robot.elf.dir/Src/stm32f1xx_it.c.obj
 .debug_ranges  0x00001020       0x80 CMakeFiles/GDUT_Robot.elf.dir/Src/syscalls.c.obj
 .debug_ranges  0x000010a0       0x18 CMakeFiles/GDUT_Robot.elf.dir/Src/system_stm32f1xx.c.obj
 .debug_ranges  0x000010b8       0x40 CMakeFiles/GDUT_Robot.elf.dir/mystdio/retarget.c.obj
 .debug_ranges  0x000010f8       0x20 CMakeFiles/GDUT_Robot.elf.dir/startup/startup_stm32f103xe.s.obj
 .debug_ranges  0x00001118       0x20 CMakeFiles/GDUT_Robot.elf.dir/tim/PID_struct.c.obj
 .debug_ranges  0x00001138       0x10 CMakeFiles/GDUT_Robot.elf.dir/tim/tim_it.c.obj

.debug_line     0x00000000    0x15390
 .debug_line    0x00000000      0x4d8 CMakeFiles/GDUT_Robot.elf.dir/Bsp/LineFollower.c.obj
 .debug_line    0x000004d8      0x2e5 CMakeFiles/GDUT_Robot.elf.dir/Bsp/imu.c.obj
 .debug_line    0x000007bd      0x3ac CMakeFiles/GDUT_Robot.elf.dir/Bsp/motor.c.obj
 .debug_line    0x00000b69      0x332 CMakeFiles/GDUT_Robot.elf.dir/Bsp/move_control.c.obj
 .debug_line    0x00000e9b      0x5b2 CMakeFiles/GDUT_Robot.elf.dir/Drivers/STM32F1xx_HAL_Driver/Src/stm32f1xx_hal.c.obj
 .debug_line    0x0000144d      0x6a3 CMakeFiles/GDUT_Robot.elf.dir/Drivers/STM32F1xx_HAL_Driver/Src/stm32f1xx_hal_cortex.c.obj
 .debug_line    0x00001af0      0xd55 CMakeFiles/GDUT_Robot.elf.dir/Drivers/STM32F1xx_HAL_Driver/Src/stm32f1xx_hal_dma.c.obj
 .debug_line    0x00002845      0x661 CMakeFiles/GDUT_Robot.elf.dir/Drivers/STM32F1xx_HAL_Driver/Src/stm32f1xx_hal_gpio.c.obj
 .debug_line    0x00002ea6     0x53a0 CMakeFiles/GDUT_Robot.elf.dir/Drivers/STM32F1xx_HAL_Driver/Src/stm32f1xx_hal_i2c.c.obj
 .debug_line    0x00008246      0xc96 CMakeFiles/GDUT_Robot.elf.dir/Drivers/STM32F1xx_HAL_Driver/Src/stm32f1xx_hal_rcc.c.obj
 .debug_line    0x00008edc     0x47b1 CMakeFiles/GDUT_Robot.elf.dir/Drivers/STM32F1xx_HAL_Driver/Src/stm32f1xx_hal_tim.c.obj
 .debug_line    0x0000d68d     0x1d2c CMakeFiles/GDUT_Robot.elf.dir/Drivers/STM32F1xx_HAL_Driver/Src/stm32f1xx_hal_tim_ex.c.obj
 .debug_line    0x0000f3b9     0x1c22 CMakeFiles/GDUT_Robot.elf.dir/Drivers/STM32F1xx_HAL_Driver/Src/stm32f1xx_hal_uart.c.obj
 .debug_line    0x00010fdb     0x1cac CMakeFiles/GDUT_Robot.elf.dir/Drivers/STM32F1xx_HAL_Driver/Src/stm32f1xx_hal_usart.c.obj
 .debug_line    0x00012c87      0xa1a CMakeFiles/GDUT_Robot.elf.dir/Src/main.c.obj
 .debug_line    0x000136a1      0x7dd CMakeFiles/GDUT_Robot.elf.dir/Src/stm32f1xx_hal_msp.c.obj
 .debug_line    0x00013e7e      0x3d3 CMakeFiles/GDUT_Robot.elf.dir/Src/stm32f1xx_it.c.obj
 .debug_line    0x00014251      0x42d CMakeFiles/GDUT_Robot.elf.dir/Src/syscalls.c.obj
 .debug_line    0x0001467e      0x291 CMakeFiles/GDUT_Robot.elf.dir/Src/system_stm32f1xx.c.obj
 .debug_line    0x0001490f      0x4fa CMakeFiles/GDUT_Robot.elf.dir/mystdio/retarget.c.obj
 .debug_line    0x00014e09       0x94 CMakeFiles/GDUT_Robot.elf.dir/startup/startup_stm32f103xe.s.obj
 .debug_line    0x00014e9d      0x277 CMakeFiles/GDUT_Robot.elf.dir/tim/PID_struct.c.obj
 .debug_line    0x00015114      0x27c CMakeFiles/GDUT_Robot.elf.dir/tim/tim_it.c.obj

.debug_str      0x00000000     0x5408
 .debug_str     0x00000000      0x6de CMakeFiles/GDUT_Robot.elf.dir/Bsp/LineFollower.c.obj
                                0x78f (size before relaxing)
 .debug_str     0x000006de       0xf7 CMakeFiles/GDUT_Robot.elf.dir/Bsp/imu.c.obj
                                0x657 (size before relaxing)
 .debug_str     0x000007d5      0x356 CMakeFiles/GDUT_Robot.elf.dir/Bsp/motor.c.obj
                                0x79e (size before relaxing)
 .debug_str     0x00000b2b      0x18c CMakeFiles/GDUT_Robot.elf.dir/Bsp/move_control.c.obj
                                0x3ac (size before relaxing)
 .debug_str     0x00000cb7      0x784 CMakeFiles/GDUT_Robot.elf.dir/Drivers/STM32F1xx_HAL_Driver/Src/stm32f1xx_hal.c.obj
                                0x934 (size before relaxing)
 .debug_str     0x0000143b      0x3e6 CMakeFiles/GDUT_Robot.elf.dir/Drivers/STM32F1xx_HAL_Driver/Src/stm32f1xx_hal_cortex.c.obj
                                0x9e3 (size before relaxing)
 .debug_str     0x00001821      0x251 CMakeFiles/GDUT_Robot.elf.dir/Drivers/STM32F1xx_HAL_Driver/Src/stm32f1xx_hal_dma.c.obj
                                0x629 (size before relaxing)
 .debug_str     0x00001a72      0x1c9 CMakeFiles/GDUT_Robot.elf.dir/Drivers/STM32F1xx_HAL_Driver/Src/stm32f1xx_hal_gpio.c.obj
                                0x42c (size before relaxing)
 .debug_str     0x00001c3b      0xb62 CMakeFiles/GDUT_Robot.elf.dir/Drivers/STM32F1xx_HAL_Driver/Src/stm32f1xx_hal_i2c.c.obj
                                0xfe4 (size before relaxing)
 .debug_str     0x0000279d      0x33d CMakeFiles/GDUT_Robot.elf.dir/Drivers/STM32F1xx_HAL_Driver/Src/stm32f1xx_hal_rcc.c.obj
                                0x657 (size before relaxing)
 .debug_str     0x00002ada      0xf04 CMakeFiles/GDUT_Robot.elf.dir/Drivers/STM32F1xx_HAL_Driver/Src/stm32f1xx_hal_tim.c.obj
                               0x1664 (size before relaxing)
 .debug_str     0x000039de      0x5d4 CMakeFiles/GDUT_Robot.elf.dir/Drivers/STM32F1xx_HAL_Driver/Src/stm32f1xx_hal_tim_ex.c.obj
                                0xe8e (size before relaxing)
 .debug_str     0x00003fb2      0x513 CMakeFiles/GDUT_Robot.elf.dir/Drivers/STM32F1xx_HAL_Driver/Src/stm32f1xx_hal_uart.c.obj
                                0xbce (size before relaxing)
 .debug_str     0x000044c5      0x4ff CMakeFiles/GDUT_Robot.elf.dir/Drivers/STM32F1xx_HAL_Driver/Src/stm32f1xx_hal_usart.c.obj
                                0xa8d (size before relaxing)
 .debug_str     0x000049c4      0x15d CMakeFiles/GDUT_Robot.elf.dir/Src/main.c.obj
                               0x1643 (size before relaxing)
 .debug_str     0x00004b21       0x59 CMakeFiles/GDUT_Robot.elf.dir/Src/stm32f1xx_hal_msp.c.obj
                               0x123e (size before relaxing)
 .debug_str     0x00004b7a       0xff CMakeFiles/GDUT_Robot.elf.dir/Src/stm32f1xx_it.c.obj
                                0xafb (size before relaxing)
 .debug_str     0x00004c79      0x233 CMakeFiles/GDUT_Robot.elf.dir/Src/syscalls.c.obj
                                0x42a (size before relaxing)